Component: ARM Compiler 5.06 update 4 (build 422) Tool: armlink [4d35d2]

==============================================================================

Section Cross References

    main.o(i.main) refers to system.o(i.systemInit) for systemInit
    main.o(i.main) refers to tasks.o(i.xTaskCreate) for xTaskCreate
    main.o(i.main) refers to tasks.o(i.vTaskStartScheduler) for vTaskStartScheduler
    main.o(i.main) refers to main.o(.data) for .data
    main.o(i.main) refers to main.o(i.start_task) for start_task
    main.o(i.start_task) refers to port.o(i.vPortEnterCritical) for vPortEnterCritical
    main.o(i.start_task) refers to tasks.o(i.xTaskCreate) for xTaskCreate
    main.o(i.start_task) refers to tasks.o(i.vTaskDelete) for vTaskDelete
    main.o(i.start_task) refers to port.o(i.vPortExitCritical) for vPortExitCritical
    main.o(i.start_task) refers to balance.o(i.Balance_task) for Balance_task
    main.o(i.start_task) refers to mpu6050.o(i.MPU6050_task) for MPU6050_task
    main.o(i.start_task) refers to show.o(i.show_task) for show_task
    main.o(i.start_task) refers to led.o(i.led_task) for led_task
    main.o(i.start_task) refers to pstwo.o(i.pstwo_task) for pstwo_task
    main.o(i.start_task) refers to usartx.o(i.data_task) for data_task
    main.o(i.start_task) refers to main.o(.data) for .data
    system_stm32f4xx.o(i.SystemCoreClockUpdate) refers to system_stm32f4xx.o(.data) for .data
    system_stm32f4xx.o(i.SystemInit) refers to system_stm32f4xx.o(i.SetSysClock) for SetSysClock
    adc.o(i.Adc_Init) refers to stm32f4xx_rcc.o(i.RCC_AHB1PeriphClockCmd) for RCC_AHB1PeriphClockCmd
    adc.o(i.Adc_Init) refers to stm32f4xx_rcc.o(i.RCC_APB2PeriphClockCmd) for RCC_APB2PeriphClockCmd
    adc.o(i.Adc_Init) refers to stm32f4xx_gpio.o(i.GPIO_Init) for GPIO_Init
    adc.o(i.Adc_Init) refers to stm32f4xx_rcc.o(i.RCC_APB2PeriphResetCmd) for RCC_APB2PeriphResetCmd
    adc.o(i.Adc_Init) refers to stm32f4xx_adc.o(i.ADC_CommonInit) for ADC_CommonInit
    adc.o(i.Adc_Init) refers to stm32f4xx_adc.o(i.ADC_Init) for ADC_Init
    adc.o(i.Adc_Init) refers to stm32f4xx_adc.o(i.ADC_Cmd) for ADC_Cmd
    adc.o(i.Adc_POWER_Init) refers to stm32f4xx_rcc.o(i.RCC_AHB1PeriphClockCmd) for RCC_AHB1PeriphClockCmd
    adc.o(i.Adc_POWER_Init) refers to stm32f4xx_rcc.o(i.RCC_APB2PeriphClockCmd) for RCC_APB2PeriphClockCmd
    adc.o(i.Adc_POWER_Init) refers to stm32f4xx_gpio.o(i.GPIO_Init) for GPIO_Init
    adc.o(i.Adc_POWER_Init) refers to stm32f4xx_rcc.o(i.RCC_APB2PeriphResetCmd) for RCC_APB2PeriphResetCmd
    adc.o(i.Adc_POWER_Init) refers to stm32f4xx_adc.o(i.ADC_CommonInit) for ADC_CommonInit
    adc.o(i.Adc_POWER_Init) refers to stm32f4xx_adc.o(i.ADC_Init) for ADC_Init
    adc.o(i.Adc_POWER_Init) refers to stm32f4xx_adc.o(i.ADC_Cmd) for ADC_Cmd
    adc.o(i.Get_Adc) refers to stm32f4xx_adc.o(i.ADC_RegularChannelConfig) for ADC_RegularChannelConfig
    adc.o(i.Get_Adc) refers to stm32f4xx_adc.o(i.ADC_SoftwareStartConv) for ADC_SoftwareStartConv
    adc.o(i.Get_Adc) refers to stm32f4xx_adc.o(i.ADC_GetFlagStatus) for ADC_GetFlagStatus
    adc.o(i.Get_Adc) refers to stm32f4xx_adc.o(i.ADC_GetConversionValue) for ADC_GetConversionValue
    adc.o(i.Get_Adc2) refers to stm32f4xx_adc.o(i.ADC_RegularChannelConfig) for ADC_RegularChannelConfig
    adc.o(i.Get_Adc2) refers to stm32f4xx_adc.o(i.ADC_SoftwareStartConv) for ADC_SoftwareStartConv
    adc.o(i.Get_Adc2) refers to stm32f4xx_adc.o(i.ADC_GetFlagStatus) for ADC_GetFlagStatus
    adc.o(i.Get_Adc2) refers to stm32f4xx_adc.o(i.ADC_GetConversionValue) for ADC_GetConversionValue
    adc.o(i.Get_adc_Average) refers to adc.o(i.Get_Adc) for Get_Adc
    adc.o(i.Get_adc_Average) refers to delay.o(i.delay_ms) for delay_ms
    adc.o(i.Get_battery_volt) refers to adc.o(i.Get_Adc2) for Get_Adc2
    adc.o(i.Get_battery_volt) refers to dflt_clz.o(x$fpl$dfltu) for __aeabi_ui2d
    adc.o(i.Get_battery_volt) refers to dmul.o(x$fpl$dmul) for __aeabi_dmul
    adc.o(i.Get_battery_volt) refers to d2f.o(x$fpl$d2f) for __aeabi_d2f
    can.o(i.CAN1_Mode_Init) refers to stm32f4xx_rcc.o(i.RCC_AHB1PeriphClockCmd) for RCC_AHB1PeriphClockCmd
    can.o(i.CAN1_Mode_Init) refers to stm32f4xx_rcc.o(i.RCC_APB1PeriphClockCmd) for RCC_APB1PeriphClockCmd
    can.o(i.CAN1_Mode_Init) refers to stm32f4xx_gpio.o(i.GPIO_Init) for GPIO_Init
    can.o(i.CAN1_Mode_Init) refers to stm32f4xx_gpio.o(i.GPIO_PinAFConfig) for GPIO_PinAFConfig
    can.o(i.CAN1_Mode_Init) refers to misc.o(i.NVIC_Init) for NVIC_Init
    can.o(i.CAN1_Mode_Init) refers to stm32f4xx_can.o(i.CAN_ITConfig) for CAN_ITConfig
    can.o(i.CAN1_RX0_IRQHandler) refers to can.o(i.CAN1_Rx_Msg) for CAN1_Rx_Msg
    can.o(i.CAN1_RX0_IRQHandler) refers to usartx.o(i.Vz_to_Akm_Angle) for Vz_to_Akm_Angle
    can.o(i.CAN1_RX0_IRQHandler) refers to system.o(.data) for CAN_ON_Flag
    can.o(i.CAN1_RX0_IRQHandler) refers to system.o(.data) for PS2_ON_Flag
    can.o(i.CAN1_RX0_IRQHandler) refers to system.o(.data) for Remote_ON_Flag
[...]
    BusFault_Handler                         0x08000d51   Thumb Code     2  stm32f4xx_it.o(i.BusFault_Handler)
    Buzzer_Init                              0x08000d55   Thumb Code    48  led.o(i.Buzzer_Init)
    CAN1_Mode_Init                           0x08000d89   Thumb Code   394  can.o(i.CAN1_Mode_Init)
    CAN1_RX0_IRQHandler                      0x08000f21   Thumb Code   200  can.o(i.CAN1_RX0_IRQHandler)
    CAN1_Rx_Msg                              0x08001019   Thumb Code   140  can.o(i.CAN1_Rx_Msg)
    CAN1_Send_Num                            0x080010ad   Thumb Code    54  can.o(i.CAN1_Send_Num)
    CAN1_Tx_Msg                              0x080010e5   Thumb Code   164  can.o(i.CAN1_Tx_Msg)
    CAN1_Tx_Staus                            0x08001191   Thumb Code    94  can.o(i.CAN1_Tx_Staus)
    CAN_ITConfig                             0x080011f5   Thumb Code    16  stm32f4xx_can.o(i.CAN_ITConfig)
    CAN_SEND                                 0x08001205   Thumb Code    84  usartx.o(i.CAN_SEND)
    Check_Sum                                0x0800125d   Thumb Code    52  usartx.o(i.Check_Sum)
    DebugMon_Handler                         0x08001295   Thumb Code     2  stm32f4xx_it.o(i.DebugMon_Handler)
    Drive_Motor                              0x08001299   Thumb Code  1206  balance.o(i.Drive_Motor)
    Enable_Pin                               0x08001751   Thumb Code    42  motor.o(i.Enable_Pin)
    Encoder_Init_TIM2                        0x08001781   Thumb Code   212  encoder.o(i.Encoder_Init_TIM2)
    Encoder_Init_TIM3                        0x0800185d   Thumb Code   180  encoder.o(i.Encoder_Init_TIM3)
    Encoder_Init_TIM4                        0x08001919   Thumb Code   180  encoder.o(i.Encoder_Init_TIM4)
    Encoder_Init_TIM5                        0x080019d5   Thumb Code   178  encoder.o(i.Encoder_Init_TIM5)
    GPIO_Init                                0x08001a91   Thumb Code   120  stm32f4xx_gpio.o(i.GPIO_Init)
    GPIO_PinAFConfig                         0x08001b09   Thumb Code    32  stm32f4xx_gpio.o(i.GPIO_PinAFConfig)
    GPIO_SetBits                             0x08001b29   Thumb Code     4  stm32f4xx_gpio.o(i.GPIO_SetBits)
    Get_Adc                                  0x08001b2d   Thumb Code    44  adc.o(i.Get_Adc)
    Get_Adc2                                 0x08001b5d   Thumb Code    44  adc.o(i.Get_Adc2)
    Get_RC                                   0x08001b8d   Thumb Code   402  balance.o(i.Get_RC)
    Get_Velocity_Form_Encoder                0x08001d55   Thumb Code   242  balance.o(i.Get_Velocity_Form_Encoder)
    Get_adc_Average                          0x08001e6d   Thumb Code    46  adc.o(i.Get_adc_Average)
    Get_battery_volt                         0x08001e9d   Thumb Code    70  adc.o(i.Get_battery_volt)
    HardFault_Handler                        0x08001f05   Thumb Code     2  stm32f4xx_it.o(i.HardFault_Handler)
    I2C_Ack                                  0x08001f09   Thumb Code    54  i2c.o(i.I2C_Ack)
    I2C_GPIOInit                             0x08001f49   Thumb Code    58  i2c.o(i.I2C_GPIOInit)
    I2C_NAck                                 0x08001f8d   Thumb Code    56  i2c.o(i.I2C_NAck)
    I2C_ReadByte                             0x08001fcd   Thumb Code   102  i2c.o(i.I2C_ReadByte)
    I2C_ReadOneByte                          0x0800203d   Thumb Code    62  i2c.o(i.I2C_ReadOneByte)
    I2C_Start                                0x0800207d   Thumb Code    70  i2c.o(i.I2C_Start)
    I2C_Stop                                 0x080020cd   Thumb Code    56  i2c.o(i.I2C_Stop)
    I2C_WaiteForAck                          0x0800210d   Thumb Code    76  i2c.o(i.I2C_WaiteForAck)
    I2C_WriteBits                            0x08002161   Thumb Code    74  i2c.o(i.I2C_WriteBits)
    I2C_WriteByte                            0x080021ad   Thumb Code    86  i2c.o(i.I2C_WriteByte)
    I2C_WriteOneByte                         0x0800220d   Thumb Code    50  i2c.o(i.I2C_WriteOneByte)
    KEY_Init                                 0x08002241   Thumb Code    40  key.o(i.KEY_Init)
    Key                                      0x0800226d   Thumb Code    38  balance.o(i.Key)
    LED_Init                                 0x080022a5   Thumb Code    58  led.o(i.LED_Init)
    Limit_Pwm                                0x080022e5   Thumb Code   126  balance.o(i.Limit_Pwm)
    MPU6050_Set_LPF                          0x08002375   Thumb Code    50  mpu6050.o(i.MPU6050_Set_LPF)
    MPU6050_Set_Rate                         0x080023a7   Thumb Code    48  mpu6050.o(i.MPU6050_Set_Rate)
    MPU6050_initialize                       0x080023d7   Thumb Code   132  mpu6050.o(i.MPU6050_initialize)
    MPU6050_setFullScaleAccelRange           0x0800245b   Thumb Code    18  mpu6050.o(i.MPU6050_setFullScaleAccelRange)
    MPU6050_setFullScaleGyroRange            0x0800246d   Thumb Code    18  mpu6050.o(i.MPU6050_setFullScaleGyroRange)
    MPU6050_task                             0x08002481   Thumb Code    60  mpu6050.o(i.MPU6050_task)
    MPU_Get_Accelscope                       0x080024c1   Thumb Code   130  mpu6050.o(i.MPU_Get_Accelscope)
    MPU_Get_Gyroscope                        0x08002549   Thumb Code   152  mpu6050.o(i.MPU_Get_Gyroscope)
    MemManage_Handler                        0x080025ed   Thumb Code     2  stm32f4xx_it.o(i.MemManage_Handler)
    NMI_Handler                              0x080025ef   Thumb Code     2  stm32f4xx_it.o(i.NMI_Handler)
    NVIC_Init                                0x080025f1   Thumb Code    96  misc.o(i.NVIC_Init)
    NVIC_PriorityGroupConfig                 0x08002655   Thumb Code    10  misc.o(i.NVIC_PriorityGroupConfig)
    OLED_Clear                               0x08002669   Thumb Code    38  oled.o(i.OLED_Clear)
    OLED_DrawPoint                           0x08002695   Thumb Code    54  oled.o(i.OLED_DrawPoint)
    OLED_Init                                0x080026d1   Thumb Code   294  oled.o(i.OLED_Init)
    OLED_Refresh_Gram                        0x08002801   Thumb Code    66  oled.o(i.OLED_Refresh_Gram)
    OLED_ShowChar                            0x08002849   Thumb Code   124  oled.o(i.OLED_ShowChar)
    OLED_ShowNumber                          0x080028cd   Thumb Code   120  oled.o(i.OLED_ShowNumber)
    OLED_ShowString                          0x08002945   Thumb Code    62  oled.o(i.OLED_ShowString)
    OLED_WR_Byte                             0x08002985   Thumb Code    62  oled.o(i.OLED_WR_Byte)
    PID_Calculate                            0x080029c9   Thumb Code   590  pid.o(i.PID_Calculate)
    PID_Init                                 0x08002c1d   Thumb Code    16  pid.o(i.PID_Init)
    PS2_ClearData                            0x08002c35   Thumb Code    18  pstwo.o(i.PS2_ClearData)
    PS2_Cmd                                  0x08002c4d   Thumb Code   124  pstwo.o(i.PS2_Cmd)
    PS2_DataKey                              0x08002cd1   Thumb Code    56  pstwo.o(i.PS2_DataKey)
    PS2_EnterConfing                         0x08002d11   Thumb Code    88  pstwo.o(i.PS2_EnterConfing)
    PS2_ExitConfing                          0x08002d6d   Thumb Code    88  pstwo.o(i.PS2_ExitConfing)
    PS2_Init                                 0x08002dc9   Thumb Code    78  pstwo.o(i.PS2_Init)
    PS2_Read                                 0x08002e1d   Thumb Code   168  pstwo.o(i.PS2_Read)
    PS2_ReadData                             0x08002f01   Thumb Code   156  pstwo.o(i.PS2_ReadData)
    PS2_SetInit                              0x08002fa9   Thumb Code    30  pstwo.o(i.PS2_SetInit)
    PS2_ShortPoll                            0x08002fc9   Thumb Code    64  pstwo.o(i.PS2_ShortPoll)
    PS2_TurnOnAnalogMode                     0x0800300d   Thumb Code    82  pstwo.o(i.PS2_TurnOnAnalogMode)
    PS2_control                              0x08003065   Thumb Code   344  balance.o(i.PS2_control)
    PWR_BackupAccessCmd                      0x08003201   Thumb Code     6  stm32f4xx_pwr.o(i.PWR_BackupAccessCmd)
    RCC_AHB1PeriphClockCmd                   0x0800320d   Thumb Code    18  stm32f4xx_rcc.o(i.RCC_AHB1PeriphClockCmd)
    RCC_APB1PeriphClockCmd                   0x08003225   Thumb Code    18  stm32f4xx_rcc.o(i.RCC_APB1PeriphClockCmd)
    RCC_APB2PeriphClockCmd                   0x0800323d   Thumb Code    18  stm32f4xx_rcc.o(i.RCC_APB2PeriphClockCmd)
    RCC_APB2PeriphResetCmd                   0x08003255   Thumb Code    18  stm32f4xx_rcc.o(i.RCC_APB2PeriphResetCmd)
    RCC_GetClocksFreq                        0x0800326d   Thumb Code   132  stm32f4xx_rcc.o(i.RCC_GetClocksFreq)
    RCC_LSEConfig                            0x080032fd   Thumb Code    22  stm32f4xx_rcc.o(i.RCC_LSEConfig)
    Read_Encoder                             0x08003319   Thumb Code    52  encoder.o(i.Read_Encoder)
    Remote_Control                           0x08003359   Thumb Code   398  balance.o(i.Remote_Control)
    Robot_Init                               0x08003521   Thumb Code   124  robot_select_init.o(i.Robot_Init)
    Robot_Select                             0x080035b9   Thumb Code   250  robot_select_init.o(i.Robot_Select)
    Set_Pwm                                  0x080037cd   Thumb Code    94  balance.o(i.Set_Pwm)
    Smooth_control                           0x08003841   Thumb Code   308  balance.o(i.Smooth_control)
    SysTick_CLKSourceConfig                  0x08003981   Thumb Code    24  misc.o(i.SysTick_CLKSourceConfig)
    SysTick_Handler                          0x08003999   Thumb Code    20  delay.o(i.SysTick_Handler)
    SystemInit                               0x080039ad   Thumb Code    74  system_stm32f4xx.o(i.SystemInit)
    TIM10_PWM_Init                           0x08003a6d   Thumb Code   150  motor.o(i.TIM10_PWM_Init)
    TIM11_PWM_Init                           0x08003b0d   Thumb Code   158  motor.o(i.TIM11_PWM_Init)
    TIM12_SERVO_Init                         0x08003bb5   Thumb Code   198  timer.o(i.TIM12_SERVO_Init)
    TIM1_PWM_Init                            0x08003c85   Thumb Code   238  motor.o(i.TIM1_PWM_Init)
    TIM2_IRQHandler                          0x08003d7d   Thumb Code    16  encoder.o(i.TIM2_IRQHandler)
    TIM3_IRQHandler                          0x08003d8d   Thumb Code    14  encoder.o(i.TIM3_IRQHandler)
    TIM4_IRQHandler                          0x08003da1   Thumb Code    14  encoder.o(i.TIM4_IRQHandler)
    TIM5_IRQHandler                          0x08003db5   Thumb Code    14  encoder.o(i.TIM5_IRQHandler)
    TIM8_BRK_TIM12_IRQHandler                0x08003dc9   Thumb Code    14  encoder.o(i.TIM8_BRK_TIM12_IRQHandler)
    TIM8_CC_IRQHandler                       0x08003ddd   Thumb Code   576  timer.o(i.TIM8_CC_IRQHandler)
    TIM8_Cap_Init                            0x08004041   Thumb Code   306  timer.o(i.TIM8_Cap_Init)
    TIM8_UP_TIM13_IRQHandler                 0x0800417d   Thumb Code    12  timer.o(i.TIM8_UP_TIM13_IRQHandler)
    TIM9_PWM_Init                            0x0800418d   Thumb Code   176  motor.o(i.TIM9_PWM_Init)
    TIM_ARRPreloadConfig                     0x08004245   Thumb Code    20  stm32f4xx_tim.o(i.TIM_ARRPreloadConfig)
    TIM_ClearFlag                            0x08004259   Thumb Code     6  stm32f4xx_tim.o(i.TIM_ClearFlag)
    TIM_ClearITPendingBit                    0x0800425f   Thumb Code     6  stm32f4xx_tim.o(i.TIM_ClearITPendingBit)
    TIM_Cmd                                  0x08004265   Thumb Code    20  stm32f4xx_tim.o(i.TIM_Cmd)
    TIM_CtrlPWMOutputs                       0x08004279   Thumb Code    22  stm32f4xx_tim.o(i.TIM_CtrlPWMOutputs)
    TIM_EncoderInterfaceConfig               0x0800428f   Thumb Code    50  stm32f4xx_tim.o(i.TIM_EncoderInterfaceConfig)
    TIM_GetCapture1                          0x080042c1   Thumb Code     4  stm32f4xx_tim.o(i.TIM_GetCapture1)
    TIM_GetCapture2                          0x080042c5   Thumb Code     4  stm32f4xx_tim.o(i.TIM_GetCapture2)
    TIM_GetCapture3                          0x080042c9   Thumb Code     4  stm32f4xx_tim.o(i.TIM_GetCapture3)
    TIM_GetCapture4                          0x080042cd   Thumb Code     4  stm32f4xx_tim.o(i.TIM_GetCapture4)
    TIM_GetITStatus                          0x080042d1   Thumb Code    24  stm32f4xx_tim.o(i.TIM_GetITStatus)
    TIM_ICInit                               0x080042e9   Thumb Code   172  stm32f4xx_tim.o(i.TIM_ICInit)
    TIM_ICStructInit                         0x08004395   Thumb Code    16  stm32f4xx_tim.o(i.TIM_ICStructInit)
    TIM_ITConfig                             0x080043a5   Thumb Code    16  stm32f4xx_tim.o(i.TIM_ITConfig)
    TIM_OC1Init                              0x080043b5   Thumb Code    88  stm32f4xx_tim.o(i.TIM_OC1Init)
    TIM_OC1PolarityConfig                    0x08004415   Thumb Code    12  stm32f4xx_tim.o(i.TIM_OC1PolarityConfig)
    TIM_OC1PreloadConfig                     0x08004421   Thumb Code    12  stm32f4xx_tim.o(i.TIM_OC1PreloadConfig)
    TIM_OC2Init                              0x0800442d   Thumb Code   120  stm32f4xx_tim.o(i.TIM_OC2Init)
    TIM_OC2PolarityConfig                    0x080044ad   Thumb Code    20  stm32f4xx_tim.o(i.TIM_OC2PolarityConfig)
    TIM_OC2PreloadConfig                     0x080044c1   Thumb Code    20  stm32f4xx_tim.o(i.TIM_OC2PreloadConfig)
    TIM_OC3Init                              0x080044d5   Thumb Code   116  stm32f4xx_tim.o(i.TIM_OC3Init)
    TIM_OC3PolarityConfig                    0x08004551   Thumb Code    20  stm32f4xx_tim.o(i.TIM_OC3PolarityConfig)
    TIM_OC3PreloadConfig                     0x08004565   Thumb Code    12  stm32f4xx_tim.o(i.TIM_OC3PreloadConfig)
    TIM_OC4Init                              0x08004571   Thumb Code    88  stm32f4xx_tim.o(i.TIM_OC4Init)
    TIM_OC4PolarityConfig                    0x080045d1   Thumb Code    20  stm32f4xx_tim.o(i.TIM_OC4PolarityConfig)
    TIM_OC4PreloadConfig                     0x080045e5   Thumb Code    20  stm32f4xx_tim.o(i.TIM_OC4PreloadConfig)
    TIM_SetCounter                           0x080045f9   Thumb Code     4  stm32f4xx_tim.o(i.TIM_SetCounter)
    TIM_SetIC1Prescaler                      0x080045fd   Thumb Code    16  stm32f4xx_tim.o(i.TIM_SetIC1Prescaler)
    TIM_SetIC2Prescaler                      0x0800460d   Thumb Code    24  stm32f4xx_tim.o(i.TIM_SetIC2Prescaler)
    TIM_SetIC3Prescaler                      0x08004625   Thumb Code    16  stm32f4xx_tim.o(i.TIM_SetIC3Prescaler)
    TIM_SetIC4Prescaler                      0x08004635   Thumb Code    24  stm32f4xx_tim.o(i.TIM_SetIC4Prescaler)
    TIM_TimeBaseInit                         0x0800464d   Thumb Code    96  stm32f4xx_tim.o(i.TIM_TimeBaseInit)
    TIM_TimeBaseStructInit                   0x080046c9   Thumb Code    18  stm32f4xx_tim.o(i.TIM_TimeBaseStructInit)
    Turn_Off                                 0x080046dd   Thumb Code    54  balance.o(i.Turn_Off)
    UART5_IRQHandler                         0x0800472d   Thumb Code   184  usartx.o(i.UART5_IRQHandler)
    USART1_IRQHandler                        0x0800481d   Thumb Code   204  usartx.o(i.USART1_IRQHandler)
    USART1_SEND                              0x08004921   Thumb Code    22  usartx.o(i.USART1_SEND)
    USART2_IRQHandler                        0x0800493d   Thumb Code   474  usartx.o(i.USART2_IRQHandler)
    USART3_IRQHandler                        0x08004b71   Thumb Code   188  usartx.o(i.USART3_IRQHandler)
    USART3_SEND                              0x08004c69   Thumb Code    22  usartx.o(i.USART3_SEND)
    USART5_SEND                              0x08004c85   Thumb Code    22  usartx.o(i.USART5_SEND)
    USART_Cmd                                0x08004ca1   Thumb Code    20  stm32f4xx_usart.o(i.USART_Cmd)
    USART_GetITStatus                        0x08004cb5   Thumb Code    62  stm32f4xx_usart.o(i.USART_GetITStatus)
    USART_ITConfig                           0x08004cf3   Thumb Code    48  stm32f4xx_usart.o(i.USART_ITConfig)
    USART_Init                               0x08004d25   Thumb Code   164  stm32f4xx_usart.o(i.USART_Init)
    USART_ReceiveData                        0x08004dd1   Thumb Code     8  stm32f4xx_usart.o(i.USART_ReceiveData)
    UsageFault_Handler                       0x08004dd9   Thumb Code     2  stm32f4xx_it.o(i.UsageFault_Handler)
    Vz_to_Akm_Angle                          0x08004ddd   Thumb Code   156  usartx.o(i.Vz_to_Akm_Angle)
    XYZ_Target_Speed_transition              0x08004e89   Thumb Code    74  usartx.o(i.XYZ_Target_Speed_transition)
    __ARM_fpclassify                         0x08004edd   Thumb Code    48  fpclassify.o(i.__ARM_fpclassify)
    __hardfp_atan                            0x08004f11   Thumb Code   622  atan.o(i.__hardfp_atan)
    __hardfp_pow                             0x080051e9   Thumb Code  3072  pow.o(i.__hardfp_pow)
    __hardfp_sqrt                            0x08005e39   Thumb Code   122  sqrt.o(i.__hardfp_sqrt)
    __hardfp_tan                             0x08005eb9   Thumb Code   108  tan.o(i.__hardfp_tan)
    __ieee754_rem_pio2                       0x08005f39   Thumb Code   938  rred.o(i.__ieee754_rem_pio2)
    __kernel_poly                            0x08006371   Thumb Code   248  poly.o(i.__kernel_poly)
    __kernel_tan                             0x08006469   Thumb Code   764  tan_i.o(i.__kernel_tan)
    __mathlib_dbl_divzero                    0x080067b9   Thumb Code    28  dunder.o(i.__mathlib_dbl_divzero)
    __mathlib_dbl_infnan                     0x080067e9   Thumb Code    20  dunder.o(i.__mathlib_dbl_infnan)
    __mathlib_dbl_infnan2                    0x080067fd   Thumb Code    20  dunder.o(i.__mathlib_dbl_infnan2)
    __mathlib_dbl_invalid                    0x08006811   Thumb Code    24  dunder.o(i.__mathlib_dbl_invalid)
    __mathlib_dbl_overflow                   0x08006831   Thumb Code    24  dunder.o(i.__mathlib_dbl_overflow)
    __mathlib_dbl_underflow                  0x08006851   Thumb Code    24  dunder.o(i.__mathlib_dbl_underflow)
    _sys_exit                                0x08006871   Thumb Code     2  usart.o(i._sys_exit)
    click_N_Double_MPU6050                   0x08006875   Thumb Code   132  key.o(i.click_N_Double_MPU6050)
    data_task                                0x08006901   Thumb Code    38  usartx.o(i.data_task)
    data_transition                          0x08006929   Thumb Code   586  usartx.o(i.data_transition)
    delay_init                               0x08006bc5   Thumb Code    50  delay.o(i.delay_init)
    delay_ms                                 0x08006bfd   Thumb Code    52  delay.o(i.delay_ms)
    delay_us                                 0x08006c35   Thumb Code    48  delay.o(i.delay_us)
    fabs                                     0x08006edf   Thumb Code    24  fabs.o(i.fabs)
    float_abs                                0x08006ef7   Thumb Code    16  balance.o(i.float_abs)
    fputc                                    0x08006f09   Thumb Code    18  usart.o(i.fputc)
    getSysTickCnt                            0x08006f21   Thumb Code    24  delay.o(i.getSysTickCnt)
    led_task                                 0x08006f3d   Thumb Code    22  led.o(i.led_task)
    main                                     0x08006f5d   Thumb Code    34  main.o(i.main)
    motor_pid_init                           0x08006f95   Thumb Code    28  balance.o(i.motor_pid_init)
    oled_pow                                 0x08006fbd   Thumb Code    16  oled.o(i.oled_pow)
    oled_show                                0x08006fcd   Thumb Code  2044  show.o(i.oled_show)
    pstwo_task                               0x080080b5   Thumb Code    22  pstwo.o(i.pstwo_task)
    pvPortMalloc                             0x080080cd   Thumb Code   214  heap_4.o(i.pvPortMalloc)
    pvTaskIncrementMutexHeldCount            0x080081e1   Thumb Code    18  tasks.o(i.pvTaskIncrementMutexHeldCount)
    pxPortInitialiseStack                    0x080081f9   Thumb Code    40  port.o(i.pxPortInitialiseStack)
    show_task                                0x08008225   Thumb Code   258  show.o(i.show_task)
    sqrt                                     0x0800834d   Thumb Code   110  sqrt.o(i.sqrt)
    start_task                               0x080083bd   Thumb Code   132  main.o(i.start_task)
    systemInit                               0x080084ad   Thumb Code   190  system.o(i.systemInit)
    target_limit_float                       0x0800856b   Thumb Code    32  balance.o(i.target_limit_float)
    target_limit_int                         0x0800858b   Thumb Code    16  balance.o(i.target_limit_int)
    uart1_init                               0x0800859d   Thumb Code   162  usartx.o(i.uart1_init)
    uart2_init                               0x08008649   Thumb Code   160  usartx.o(i.uart2_init)
    uart3_init                               0x080086f1   Thumb Code   168  usartx.o(i.uart3_init)
    uart5_init                               0x080087a1   Thumb Code   206  usartx.o(i.uart5_init)
    usart1_send                              0x0800887d   Thumb Code    12  usartx.o(i.usart1_send)
    usart3_send                              0x0800888d   Thumb Code    14  usartx.o(i.usart3_send)
    usart5_send                              0x080088a1   Thumb Code    12  usartx.o(i.usart5_send)
    uxListRemove                             0x080088b1   Thumb Code    36  list.o(i.uxListRemove)
    vListInitialise                          0x080088d5   Thumb Code    22  list.o(i.vListInitialise)
    vListInitialiseItem                      0x080088eb   Thumb Code     6  list.o(i.vListInitialiseItem)
    vListInsert                              0x080088f1   Thumb Code    48  list.o(i.vListInsert)
    vListInsertEnd                           0x08008921   Thumb Code    24  list.o(i.vListInsertEnd)
    vPortEnterCritical                       0x08008939   Thumb Code    50  port.o(i.vPortEnterCritical)
    vPortExitCritical                        0x080089b1   Thumb Code    34  port.o(i.vPortExitCritical)
    vPortFree                                0x08008a15   Thumb Code    94  heap_4.o(i.vPortFree)
    vPortSetupTimerInterrupt                 0x08008ab1   Thumb Code    26  port.o(i.vPortSetupTimerInterrupt)
    vPortValidateInterruptPriority           0x08008ad1   Thumb Code    70  port.o(i.vPortValidateInterruptPriority)
    vQueueAddToRegistry                      0x08008b5d   Thumb Code    32  queue.o(i.vQueueAddToRegistry)
    vQueueWaitForMessageRestricted           0x08008b81   Thumb Code    68  queue.o(i.vQueueWaitForMessageRestricted)
    vTaskDelay                               0x08008bc5   Thumb Code    62  tasks.o(i.vTaskDelay)
    vTaskDelayUntil                          0x08008c31   Thumb Code   128  tasks.o(i.vTaskDelayUntil)
    vTaskDelete                              0x08008cdd   Thumb Code   152  tasks.o(i.vTaskDelete)
    vTaskMissedYield                         0x08008da9   Thumb Code     8  tasks.o(i.vTaskMissedYield)
    vTaskPlaceOnEventList                    0x08008db5   Thumb Code    44  tasks.o(i.vTaskPlaceOnEventList)
    vTaskPlaceOnEventListRestricted          0x08008e09   Thumb Code    52  tasks.o(i.vTaskPlaceOnEventListRestricted)
    vTaskPriorityInherit                     0x08008e65   Thumb Code   124  tasks.o(i.vTaskPriorityInherit)
    vTaskSetTimeOutState                     0x08008ee9   Thumb Code    30  tasks.o(i.vTaskSetTimeOutState)
    vTaskStartScheduler                      0x08008f31   Thumb Code    96  tasks.o(i.vTaskStartScheduler)
    vTaskSuspendAll                          0x08008fc5   Thumb Code    10  tasks.o(i.vTaskSuspendAll)
    vTaskSwitchContext                       0x08008fd5   Thumb Code    80  tasks.o(i.vTaskSwitchContext)
    xPortStartScheduler                      0x08009051   Thumb Code   196  port.o(i.xPortStartScheduler)
    xPortSysTickHandler                      0x08009165   Thumb Code    38  port.o(i.xPortSysTickHandler)
    xQueueGenericCreate                      0x08009191   Thumb Code    82  queue.o(i.xQueueGenericCreate)
    xQueueGenericReceive                     0x08009209   Thumb Code   348  queue.o(i.xQueueGenericReceive)
    xQueueGenericReset                       0x0800938d   Thumb Code   128  queue.o(i.xQueueGenericReset)
    xQueueGenericSend                        0x08009435   Thumb Code   350  queue.o(i.xQueueGenericSend)
    xQueueGenericSendFromISR                 0x080095bd   Thumb Code   188  queue.o(i.xQueueGenericSendFromISR)
    xTaskCheckForTimeOut                     0x0800969d   Thumb Code    94  tasks.o(i.xTaskCheckForTimeOut)
    xTaskCreate                              0x08009725   Thumb Code    86  tasks.o(i.xTaskCreate)
    xTaskGetSchedulerState                   0x0800977d   Thumb Code    22  tasks.o(i.xTaskGetSchedulerState)
    xTaskGetTickCount                        0x08009799   Thumb Code     6  tasks.o(i.xTaskGetTickCount)
    xTaskIncrementTick                       0x080097a5   Thumb Code   188  tasks.o(i.xTaskIncrementTick)
    xTaskPriorityDisinherit                  0x0800988d   Thumb Code   136  tasks.o(i.xTaskPriorityDisinherit)
    xTaskRemoveFromEventList                 0x08009941   Thumb Code   102  tasks.o(i.xTaskRemoveFromEventList)
    xTaskResumeAll                           0x080099d9   Thumb Code   180  tasks.o(i.xTaskResumeAll)
    xTimerCreate                             0x08009abd   Thumb Code    74  timers.o(i.xTimerCreate)
    xTimerCreateTimerTask                    0x08009b31   Thumb Code    58  timers.o(i.xTimerCreateTimerTask)
    xTimerGenericCommand                     0x08009ba5   Thumb Code    98  timers.o(i.xTimerGenericCommand)
    __aeabi_dneg                             0x08009c35   Thumb Code     0  basic.o(x$fpl$basic)
    _dneg                                    0x08009c35   Thumb Code     6  basic.o(x$fpl$basic)
    __aeabi_fneg                             0x08009c3b   Thumb Code     0  basic.o(x$fpl$basic)
    _fneg                                    0x08009c3b   Thumb Code     6  basic.o(x$fpl$basic)
    _dabs                                    0x08009c41   Thumb Code     6  basic.o(x$fpl$basic)
    _fabs                                    0x08009c47   Thumb Code     6  basic.o(x$fpl$basic)
    __aeabi_d2f                              0x08009c4d   Thumb Code     0  d2f.o(x$fpl$d2f)
    _d2f                                     0x08009c4d   Thumb Code    98  d2f.o(x$fpl$d2f)
    __aeabi_dadd                             0x08009cb1   Thumb Code     0  daddsub_clz.o(x$fpl$dadd)
    _dadd                                    0x08009cb1   Thumb Code   332  daddsub_clz.o(x$fpl$dadd)
    __fpl_dcheck_NaN1                        0x08009e01   Thumb Code    10  dcheck1.o(x$fpl$dcheck1)
    __fpl_dcmp_Inf                           0x08009e11   Thumb Code    24  dcmpi.o(x$fpl$dcmpinf)
    __aeabi_ddiv                             0x08009e29   Thumb Code     0  ddiv.o(x$fpl$ddiv)
    _ddiv                                    0x08009e29   Thumb Code   552  ddiv.o(x$fpl$ddiv)
    __aeabi_d2iz                             0x0800a0d9   Thumb Code     0  dfix.o(x$fpl$dfix)
    _dfix                                    0x0800a0d9   Thumb Code    94  dfix.o(x$fpl$dfix)
    __aeabi_i2d                              0x0800a137   Thumb Code     0  dflt_clz.o(x$fpl$dflt)
    _dflt                                    0x0800a137   Thumb Code    46  dflt_clz.o(x$fpl$dflt)
    __aeabi_ui2d                             0x0800a165   Thumb Code     0  dflt_clz.o(x$fpl$dfltu)
    _dfltu                                   0x0800a165   Thumb Code    38  dflt_clz.o(x$fpl$dfltu)
    __aeabi_cdcmple                          0x0800a18d   Thumb Code     0  dleqf.o(x$fpl$dleqf)
    _dcmple                                  0x0800a18d   Thumb Code   120  dleqf.o(x$fpl$dleqf)
    __fpl_dcmple_InfNaN                      0x0800a1ef   Thumb Code     0  dleqf.o(x$fpl$dleqf)
    __aeabi_dmul                             0x0800a205   Thumb Code     0  dmul.o(x$fpl$dmul)
    _dmul                                    0x0800a205   Thumb Code   332  dmul.o(x$fpl$dmul)
    __fpl_dnaninf                            0x0800a359   Thumb Code   156  dnaninf.o(x$fpl$dnaninf)
    __fpl_dretinf                            0x0800a3f5   Thumb Code    12  dretinf.o(x$fpl$dretinf)
    __aeabi_cdrcmple                         0x0800a401   Thumb Code     0  drleqf.o(x$fpl$drleqf)
    _drcmple                                 0x0800a401   Thumb Code   108  drleqf.o(x$fpl$drleqf)
    __aeabi_drsub                            0x0800a46d   Thumb Code     0  daddsub_clz.o(x$fpl$drsb)
    _drsb                                    0x0800a46d   Thumb Code    22  daddsub_clz.o(x$fpl$drsb)
    _dsqrt                                   0x0800a485   Thumb Code   404  dsqrt_umaal.o(x$fpl$dsqrt)
    __aeabi_dsub                             0x0800a61d   Thumb Code     0  daddsub_clz.o(x$fpl$dsub)
    _dsub                                    0x0800a61d   Thumb Code   464  daddsub_clz.o(x$fpl$dsub)
    __aeabi_f2d                              0x0800a7f1   Thumb Code     0  f2d.o(x$fpl$f2d)
    _f2d                                     0x0800a7f1   Thumb Code    86  f2d.o(x$fpl$f2d)
    __fpl_fnaninf                            0x0800a847   Thumb Code   140  fnaninf.o(x$fpl$fnaninf)
    _fp_init                                 0x0800a8d3   Thumb Code    10  fpinit.o(x$fpl$fpinit)
    __fplib_config_fpu_vfp                   0x0800a8db   Thumb Code     0  fpinit.o(x$fpl$fpinit)
    __fplib_config_pureend_doubles           0x0800a8db   Thumb Code     0  fpinit.o(x$fpl$fpinit)
    __fpl_fretinf                            0x0800a8dd   Thumb Code    10  fretinf.o(x$fpl$fretinf)
    __fpl_return_NaN                         0x0800a8e7   Thumb Code   100  retnan.o(x$fpl$retnan)
    __ARM_scalbn                             0x0800a94b   Thumb Code    92  scalbn.o(x$fpl$scalbn)
    __fpl_cmpreturn                          0x0800a9a7   Thumb Code    48  trapv.o(x$fpl$trapveneer)
    __I$use$fp                               0x0800a9d6   Number         0  usenofp.o(x$fpl$usenofp)
    oled_asc2_1206                           0x0800a9d6   Data        1140  oled.o(.constdata)
    oled_asc2_1608                           0x0800ae4a   Data        1520  oled.o(.constdata)
    Hzk16                                    0x0800b43a   Data        2624  oled.o(.constdata)
    __mathlib_zero                           0x0800bfa0   Data           8  qnan.o(.constdata)
    Region$$Table$$Base                      0x0800c0d0   Number         0  anon$$obj.o(Region$$Table)
    Region$$Table$$Limit                     0x0800c0f0   Number         0  anon$$obj.o(Region$$Table)
    StartTask_Handler                        0x20000000   Data           4  main.o(.data)
    SystemCoreClock                          0x20000004   Data           4  system_stm32f4xx.o(.data)
    AHBPrescTable                            0x20000008   Data          16  system_stm32f4xx.o(.data)
    Voltage                                  0x20000018   Data           4  adc.o(.data)
    Voltage_All                              0x2000001c   Data           4  adc.o(.data)
    Led_Count                                0x20000034   Data           4  led.o(.data)
    Comd                                     0x2000003c   Data           2  pstwo.o(.data)
    Handkey                                  0x2000003e   Data           2  pstwo.o(.data)
    MASK                                     0x20000044   Data          32  pstwo.o(.data)
    TIM8CH1_CAPTURE_STA                      0x20000064   Data           1  timer.o(.data)
    TIM8CH2_CAPTURE_STA                      0x20000065   Data           1  timer.o(.data)
    TIM8CH3_CAPTURE_STA                      0x20000066   Data           1  timer.o(.data)
    TIM8CH4_CAPTURE_STA                      0x20000067   Data           1  timer.o(.data)
    TIM8CH1_CAPTURE_UPVAL                    0x20000068   Data           2  timer.o(.data)
    TIM8CH1_CAPTURE_DOWNVAL                  0x2000006a   Data           2  timer.o(.data)
    TIM8CH2_CAPTURE_UPVAL                    0x2000006c   Data           2  timer.o(.data)
    TIM8CH2_CAPTURE_DOWNVAL                  0x2000006e   Data           2  timer.o(.data)
    TIM8CH3_CAPTURE_UPVAL                    0x20000070   Data           2  timer.o(.data)
    TIM8CH3_CAPTURE_DOWNVAL                  0x20000072   Data           2  timer.o(.data)
    TIM8CH4_CAPTURE_UPVAL                    0x20000074   Data           2  timer.o(.data)
    TIM8CH4_CAPTURE_DOWNVAL                  0x20000076   Data           2  timer.o(.data)
    Remoter_Ch1                              0x20000078   Data           4  timer.o(.data)
    Remoter_Ch2                              0x2000007c   Data           4  timer.o(.data)
    Remoter_Ch3                              0x20000080   Data           4  timer.o(.data)
    Remoter_Ch4                              0x20000084   Data           4  timer.o(.data)
    L_Remoter_Ch1                            0x20000088   Data           4  timer.o(.data)
    L_Remoter_Ch2                            0x2000008c   Data           4  timer.o(.data)
    L_Remoter_Ch3                            0x20000090   Data           4  timer.o(.data)
    L_Remoter_Ch4                            0x20000094   Data           4  timer.o(.data)
    TIM8_T1                                  0x20000098   Data           4  timer.o(.data)
    TIM8_T2                                  0x2000009c   Data           4  timer.o(.data)
    TIM8_T3                                  0x200000a0   Data           4  timer.o(.data)
    TIM8_T4                                  0x200000a4   Data           4  timer.o(.data)
    __stdout                                 0x200000bc   Data           4  usart.o(.data)
    pxCurrentTCB                             0x200000d0   Data           4  tasks.o(.data)
    Flag_Stop                                0x20000144   Data           1  system.o(.data)
    Car_Mode                                 0x20000145   Data           1  system.o(.data)
    RC_Velocity                              0x20000148   Data           4  system.o(.data)
    Velocity_KP                              0x2000014c   Data           4  system.o(.data)
    Velocity_KI                              0x20000150   Data           4  system.o(.data)
    PS2_ON_Flag                              0x20000154   Data           1  system.o(.data)
    APP_ON_Flag                              0x20000155   Data           1  system.o(.data)
    Remote_ON_Flag                           0x20000156   Data           1  system.o(.data)
    CAN_ON_Flag                              0x20000157   Data           1  system.o(.data)
    Flag_Direction                           0x20000158   Data           1  system.o(.data)
    Check                                    0x2000015c   Data           4  system.o(.data)
    CheckPhrase1                             0x20000160   Data           4  system.o(.data)
    CheckPhrase2                             0x20000164   Data           4  system.o(.data)
    Divisor_Mode                             0x20000168   Data           4  system.o(.data)
    Servo                                    0x2000016c   Data           4  system.o(.data)
    Move_X                                   0x20000170   Data           4  system.o(.data)
    Move_Y                                   0x20000174   Data           4  system.o(.data)
    Move_Z                                   0x20000178   Data           4  system.o(.data)
    Encoder_precision                        0x2000017c   Data           4  system.o(.data)
    Wheel_perimeter                          0x20000180   Data           4  system.o(.data)
    Wheel_spacing                            0x20000184   Data           4  system.o(.data)
    Axle_spacing                             0x20000188   Data           4  system.o(.data)
    Omni_turn_radiaus                        0x2000018c   Data           4  system.o(.data)
    Usart1_ON_Flag                           0x20000190   Data           1  system.o(.data)
    Usart5_ON_Flag                           0x20000191   Data           1  system.o(.data)
    Flag_Left                                0x20000192   Data           1  system.o(.data)
    Flag_Right                               0x20000193   Data           1  system.o(.data)
    Turn_Flag                                0x20000194   Data           1  system.o(.data)
    PID_Send                                 0x20000195   Data           1  system.o(.data)
    PS2_LX                                   0x20000198   Data           4  system.o(.data)
    PS2_LY                                   0x2000019c   Data           4  system.o(.data)
    PS2_RX                                   0x200001a0   Data           4  system.o(.data)
    PS2_RY                                   0x200001a4   Data           4  system.o(.data)
    PS2_KEY                                  0x200001a8   Data           4  system.o(.data)
    Time_count                               0x200001b0   Data           4  balance.o(.data)
    robot_mode_check_flag                    0x200001b4   Data           4  balance.o(.data)
    Motor_A_V_Pid                            0x200001e8   Data          40  balance.o(.data)
    Motor_B_V_Pid                            0x20000210   Data          40  balance.o(.data)
    command_lost_count                       0x20000238   Data           1  balance.o(.data)
    Buzzer_count                             0x20000240   Data           4  show.o(.data)
    Voltage_Show                             0x20000250   Data           4  show.o(.data)
    Deviation_Count                          0x20000254   Data           4  mpu6050.o(.data)
    gyro                                     0x20000258   Data           6  mpu6050.o(.data)
    accel                                    0x2000025e   Data           6  mpu6050.o(.data)
    Deviation_gyro                           0x20000264   Data           6  mpu6050.o(.data)
    Original_gyro                            0x2000026a   Data           6  mpu6050.o(.data)
    Deviation_accel                          0x20000270   Data           6  mpu6050.o(.data)
    Original_accel                           0x20000276   Data           6  mpu6050.o(.data)
    OLED_GRAM                                0x2000027c   Data        1024  oled.o(.bss)
    Data                                     0x2000067c   Data           9  pstwo.o(.bss)
    Send_Data                                0x200006c6   Data          48  usartx.o(.bss)
    Receive_Data                             0x200006f8   Data          32  usartx.o(.bss)
    xQueueRegistry                           0x20000718   Data          64  queue.o(.bss)
    smooth_control                           0x20005a64   Data          12  system.o(.bss)
    MOTOR_A                                  0x20005a70   Data          20  system.o(.bss)
    MOTOR_B                                  0x20005a84   Data          20  system.o(.bss)
    MOTOR_C                                  0x20005a98   Data          20  system.o(.bss)
    MOTOR_D                                  0x20005aac   Data          20  system.o(.bss)
    OriginalEncoder                          0x20005ac0   Data          16  balance.o(.bss)
    Robot_Parament                           0x20005ad0   Data          24  robot_select_init.o(.bss)
    Motor_A_Pid                              0x20005ae8   Data         127  pid.o(.bss)
    Motor_B_Pid                              0x20005b67   Data         127  pid.o(.bss)
    __libspace_start                         0x20005be8   Data          96  libspace.o(.bss)
    __temporary_stack_top$libspace           0x20005c48   Data           0  libspace.o(.bss)



==============================================================================

Memory Map of the image

  Image Entry point : 0x08000189

  Load Region LR_IROM1 (Base: 0x08000000, Size: 0x0000c36c, Max: 0x00100000, ABSOLUTE, COMPRESSED[0x0000c160])

    Execution Region ER_IROM1 (Base: 0x08000000, Size: 0x0000c0f0, Max: 0x00100000, ABSOLUTE)

    Base Addr    Size         Type   Attr      Idx    E Section Name        Object

    0x08000000   0x00000188   Data   RO         1418    RESET               startup_stm32f40_41xxx.o
    0x08000188   0x00000008   Code   RO         4880  * !!!main             c_w.l(__main.o)
    0x08000190   0x00000034   Code   RO         5206    !!!scatter          c_w.l(__scatter.o)
    0x080001c4   0x0000005a   Code   RO         5204    !!dczerorl2         c_w.l(__dczerorl2.o)
    0x0800021e   0x00000002   PAD
    0x08000220   0x0000001c   Code   RO         5208    !!handler_zi        c_w.l(__scatter_zi.o)
    0x0800023c   0x00000000   Code   RO         4867    .ARM.Collect$$_printf_percent$$00000000  c_w.l(_printf_percent.o)
    0x0800023c   0x00000006   Code   RO         4865    .ARM.Collect$$_printf_percent$$00000009  c_w.l(_printf_d.o)
    0x08000242   0x00000006   Code   RO         4864    .ARM.Collect$$_printf_percent$$00000014  c_w.l(_printf_s.o)
    0x08000248   0x00000004   Code   RO         4975    .ARM.Collect$$_printf_percent$$00000017  c_w.l(_printf_percent_end.o)
    0x0800024c   0x00000002   Code   RO         5077    .ARM.Collect$$libinit$$00000000  c_w.l(libinit.o)
    0x0800024e   0x00000004   Code   RO         5082    .ARM.Collect$$libinit$$00000001  c_w.l(libinit2.o)
    0x08000252   0x00000000   Code   RO         5085    .ARM.Collect$$libinit$$00000004  c_w.l(libinit2.o)
    0x08000252   0x00000000   Code   RO         5088    .ARM.Collect$$libinit$$0000000A  c_w.l(libinit2.o)
    0x08000252   0x00000000   Code   RO         5090    .ARM.Collect$$libinit$$0000000C  c_w.l(libinit2.o)
    0x08000252   0x00000000   Code   RO         5092    .ARM.Collect$$libinit$$0000000E  c_w.l(libinit2.o)
    0x08000252   0x00000000   Code   RO         5095    .ARM.Collect$$libinit$$00000011  c_w.l(libinit2.o)
    0x08000252   0x00000000   Code   RO         5097    .ARM.Collect$$libinit$$00000013  c_w.l(libinit2.o)
    0x08000252   0x00000000   Code   RO         5099    .ARM.Collect$$libinit$$00000015  c_w.l(libinit2.o)
    0x08000252   0x00000000   Code   RO         5101    .ARM.Collect$$libinit$$00000017  c_w.l(libinit2.o)
    0x08000252   0x00000000   Code   RO         5103    .ARM.Collect$$libinit$$00000019  c_w.l(libinit2.o)
    0x08000252   0x00000000   Code   RO         5105    .ARM.Collect$$libinit$$0000001B  c_w.l(libinit2.o)
    0x08000252   0x00000000   Code   RO         5107    .ARM.Collect$$libinit$$0000001D  c_w.l(libinit2.o)
    0x08000252   0x00000000   Code   RO         5109    .ARM.Collect$$libinit$$0000001F  c_w.l(libinit2.o)
    0x08000252   0x00000000   Code   RO         5111    .ARM.Collect$$libinit$$00000021  c_w.l(libinit2.o)
    0x08000252   0x00000000   Code   RO         5113    .ARM.Collect$$libinit$$00000023  c_w.l(libinit2.o)
    0x08000252   0x00000000   Code   RO         5115    .ARM.Collect$$libinit$$00000025  c_w.l(libinit2.o)
    0x08000252   0x00000000   Code   RO         5119    .ARM.Collect$$libinit$$0000002C  c_w.l(libinit2.o)
    0x08000252   0x00000000   Code   RO         5121    .ARM.Collect$$libinit$$0000002E  c_w.l(libinit2.o)
    0x08000252   0x00000000   Code   RO         5123    .ARM.Collect$$libinit$$00000030  c_w.l(libinit2.o)
    0x08000252   0x00000000   Code   RO         5125    .ARM.Collect$$libinit$$00000032  c_w.l(libinit2.o)
    0x08000252   0x00000002   Code   RO         5126    .ARM.Collect$$libinit$$00000033  c_w.l(libinit2.o)
    0x08000254   0x00000002   Code   RO         5146    .ARM.Collect$$libshutdown$$00000000  c_w.l(libshutdown.o)
    0x08000256   0x00000000   Code   RO         5156    .ARM.Collect$$libshutdown$$00000002  c_w.l(libshutdown2.o)
    0x08000256   0x00000000   Code   RO         5158    .ARM.Collect$$libshutdown$$00000004  c_w.l(libshutdown2.o)
    0x08000256   0x00000000   Code   RO         5161    .ARM.Collect$$libshutdown$$00000007  c_w.l(libshutdown2.o)
    0x08000256   0x00000000   Code   RO         5164    .ARM.Collect$$libshutdown$$0000000A  c_w.l(libshutdown2.o)
    0x08000256   0x00000000   Code   RO         5166    .ARM.Collect$$libshutdown$$0000000C  c_w.l(libshutdown2.o)
    0x08000256   0x00000000   Code   RO         5169    .ARM.Collect$$libshutdown$$0000000F  c_w.l(libshutdown2.o)
    0x08000256   0x00000002   Code   RO         5170    .ARM.Collect$$libshutdown$$00000010  c_w.l(libshutdown2.o)
    0x08000258   0x00000000   Code   RO         4962    .ARM.Collect$$rtentry$$00000000  c_w.l(__rtentry.o)
    0x08000258   0x00000000   Code   RO         5036    .ARM.Collect$$rtentry$$00000002  c_w.l(__rtentry2.o)
    0x08000258   0x00000006   Code   RO         5048    .ARM.Collect$$rtentry$$00000004  c_w.l(__rtentry4.o)
    0x0800025e   0x00000000   Code   RO         5038    .ARM.Collect$$rtentry$$00000009  c_w.l(__rtentry2.o)
    0x0800025e   0x00000004   Code   RO         5039    .ARM.Collect$$rtentry$$0000000A  c_w.l(__rtentry2.o)
    0x08000262   0x00000000   Code   RO         5041    .ARM.Collect$$rtentry$$0000000C  c_w.l(__rtentry2.o)
    0x08000262   0x00000008   Code   RO         5042    .ARM.Collect$$rtentry$$0000000D  c_w.l(__rtentry2.o)
    0x0800026a   0x00000002   Code   RO         5080    .ARM.Collect$$rtexit$$00000000  c_w.l(rtexit.o)
    0x0800026c   0x00000000   Code   RO         5130    .ARM.Collect$$rtexit$$00000002  c_w.l(rtexit2.o)
    0x0800026c   0x00000004   Code   RO         5131    .ARM.Collect$$rtexit$$00000003  c_w.l(rtexit2.o)
    0x08000270   0x00000006   Code   RO         5132    .ARM.Collect$$rtexit$$00000004  c_w.l(rtexit2.o)
    0x08000276   0x00000002   PAD
    0x08000278   0x000000b6   Code   RO         4126    .emb_text           port.o
    0x0800032e   0x00000002   PAD
    0x08000330   0x00000040   Code   RO         1419    .text               startup_stm32f40_41xxx.o
    0x08000370   0x00000002   Code   RO         4827    .text               c_w.l(use_no_semi_2.o)
    0x08000372   0x00000002   PAD
    0x08000374   0x00000018   Code   RO         4833    .text               c_w.l(noretval__2printf.o)
    0x0800038c   0x00000068   Code   RO         4837    .text               c_w.l(__printf.o)
    0x080003f4   0x00000052   Code   RO         4839    .text               c_w.l(_printf_str.o)
    0x08000446   0x00000002   PAD
    0x08000448   0x00000078   Code   RO         4841    .text               c_w.l(_printf_dec.o)
    0x080004c0   0x0000008a   Code   RO         4872    .text               c_w.l(rt_memcpy_v6.o)
    0x0800054a   0x00000010   Code   RO         4874    .text               c_w.l(aeabi_memset.o)
    0x0800055a   0x00000044   Code   RO         4876    .text               c_w.l(rt_memclr.o)
    0x0800059e   0x00000006   Code   RO         4878    .text               c_w.l(heapauxi.o)
    0x080005a4   0x00000002   Code   RO         4960    .text               c_w.l(use_no_semi.o)
    0x080005a6   0x00000016   Code   RO         4963    .text               c_w.l(_rserrno.o)
    0x080005bc   0x000000b2   Code   RO         4965    .text               c_w.l(_printf_intcommon.o)
    0x0800066e   0x00000002   PAD
    0x08000670   0x00000030   Code   RO         4967    .text               c_w.l(_printf_char_common.o)
    0x080006a0   0x0000002c   Code   RO         4971    .text               c_w.l(_printf_char.o)
    0x080006cc   0x00000024   Code   RO         4973    .text               c_w.l(_printf_char_file.o)
    0x080006f0   0x00000064   Code   RO         4976    .text               c_w.l(rt_memcpy_w.o)
    0x08000754   0x0000004e   Code   RO         4978    .text               c_w.l(rt_memclr_w.o)
    0x080007a2   0x00000002   PAD
    0x080007a4   0x00000008   Code   RO         5053    .text               c_w.l(rt_errno_addr_intlibspace.o)
    0x080007ac   0x00000008   Code   RO         5057    .text               c_w.l(ferror.o)
    0x080007b4   0x00000008   Code   RO         5065    .text               c_w.l(libspace.o)
    0x080007bc   0x0000004a   Code   RO         5068    .text               c_w.l(sys_stackheap_outer.o)
    0x08000806   0x00000012   Code   RO         5070    .text               c_w.l(exit.o)
    0x08000818   0x00000014   Code   RO         2151    i.ADC_Cmd           stm32f4xx_adc.o
    0x0800082c   0x0000002c   Code   RO         2152    i.ADC_CommonInit    stm32f4xx_adc.o
    0x08000858   0x00000006   Code   RO         2163    i.ADC_GetConversionValue  stm32f4xx_adc.o
    0x0800085e   0x0000000e   Code   RO         2164    i.ADC_GetFlagStatus  stm32f4xx_adc.o
    0x0800086c   0x0000004c   Code   RO         2171    i.ADC_Init          stm32f4xx_adc.o
    0x080008b8   0x00000074   Code   RO         2176    i.ADC_RegularChannelConfig  stm32f4xx_adc.o
    0x0800092c   0x0000000a   Code   RO         2178    i.ADC_SoftwareStartConv  stm32f4xx_adc.o
    0x08000936   0x00000002   PAD
    0x08000938   0x00000138   Code   RO         4512    i.APP_Show          show.o
    0x08000a70   0x00000080   Code   RO          464    i.Adc_Init          adc.o
    0x08000af0   0x00000080   Code   RO          465    i.Adc_POWER_Init    adc.o
    0x08000b70   0x000001e0   Code   RO         4336    i.Balance_task      balance.o
    0x08000d50   0x00000002   Code   RO          270    i.BusFault_Handler  stm32f4xx_it.o
    0x08000d52   0x00000002   PAD
    0x08000d54   0x00000034   Code   RO          722    i.Buzzer_Init       led.o
    0x08000d88   0x00000198   Code   RO          523    i.CAN1_Mode_Init    can.o
    0x08000f20   0x000000f8   Code   RO          525    i.CAN1_RX0_IRQHandler  can.o
    0x08001018   0x00000094   Code   RO          527    i.CAN1_Rx_Msg       can.o
    0x080010ac   0x00000036   Code   RO          530    i.CAN1_Send_Num     can.o
    0x080010e2   0x00000002   PAD
    0x080010e4   0x000000ac   Code   RO          531    i.CAN1_Tx_Msg       can.o
    0x08001190   0x00000064   Code   RO          532    i.CAN1_Tx_Staus     can.o
    0x080011f4   0x00000010   Code   RO         2399    i.CAN_ITConfig      stm32f4xx_can.o
    0x08001204   0x00000058   Code   RO         1079    i.CAN_SEND          usartx.o
    0x0800125c   0x00000038   Code   RO         1080    i.Check_Sum         usartx.o
    0x08001294   0x00000002   Code   RO          271    i.DebugMon_Handler  stm32f4xx_it.o
    0x08001296   0x00000002   PAD
    0x08001298   0x000004b6   Code   RO         4337    i.Drive_Motor       balance.o
    0x0800174e   0x00000002   PAD
    0x08001750   0x00000030   Code   RO          766    i.Enable_Pin        motor.o
    0x08001780   0x000000dc   Code   RO          597    i.Encoder_Init_TIM2  encoder.o
    0x0800185c   0x000000bc   Code   RO          598    i.Encoder_Init_TIM3  encoder.o
    0x08001918   0x000000bc   Code   RO          599    i.Encoder_Init_TIM4  encoder.o
    0x080019d4   0x000000bc   Code   RO          600    i.Encoder_Init_TIM5  encoder.o
    0x08001a90   0x00000078   Code   RO         1470    i.GPIO_Init         stm32f4xx_gpio.o
    0x08001b08   0x00000020   Code   RO         1471    i.GPIO_PinAFConfig  stm32f4xx_gpio.o
    0x08001b28   0x00000004   Code   RO         1478    i.GPIO_SetBits      stm32f4xx_gpio.o
    0x08001b2c   0x00000030   Code   RO          466    i.Get_Adc           adc.o
    0x08001b5c   0x00000030   Code   RO          467    i.Get_Adc2          adc.o
    0x08001b8c   0x000001c8   Code   RO         4338    i.Get_RC            balance.o
    0x08001d54   0x00000118   Code   RO         4339    i.Get_Velocity_Form_Encoder  balance.o
    0x08001e6c   0x0000002e   Code   RO          468    i.Get_adc_Average   adc.o
    0x08001e9a   0x00000002   PAD
    0x08001e9c   0x00000068   Code   RO          469    i.Get_battery_volt  adc.o
    0x08001f04   0x00000002   Code   RO          272    i.HardFault_Handler  stm32f4xx_it.o
    0x08001f06   0x00000002   PAD
    0x08001f08   0x00000040   Code   RO         4725    i.I2C_Ack           i2c.o
    0x08001f48   0x00000044   Code   RO         4726    i.I2C_GPIOInit      i2c.o
    0x08001f8c   0x00000040   Code   RO         4727    i.I2C_NAck          i2c.o
    0x08001fcc   0x00000070   Code   RO         4729    i.I2C_ReadByte      i2c.o
    0x0800203c   0x0000003e   Code   RO         4730    i.I2C_ReadOneByte   i2c.o
    0x0800207a   0x00000002   PAD
    0x0800207c   0x00000050   Code   RO         4731    i.I2C_Start         i2c.o
    0x080020cc   0x00000040   Code   RO         4732    i.I2C_Stop          i2c.o
    0x0800210c   0x00000054   Code   RO         4733    i.I2C_WaiteForAck   i2c.o
    0x08002160   0x0000004a   Code   RO         4734    i.I2C_WriteBits     i2c.o
    0x080021aa   0x00000002   PAD
    0x080021ac   0x00000060   Code   RO         4736    i.I2C_WriteByte     i2c.o
    0x0800220c   0x00000032   Code   RO         4738    i.I2C_WriteOneByte  i2c.o
    0x0800223e   0x00000002   PAD
    0x08002240   0x0000002c   Code   RO          672    i.KEY_Init          key.o
    0x0800226c   0x00000038   Code   RO         4344    i.Key               balance.o
    0x080022a4   0x00000040   Code   RO          723    i.LED_Init          led.o
    0x080022e4   0x00000090   Code   RO         4345    i.Limit_Pwm         balance.o
    0x08002374   0x00000032   Code   RO         4600    i.MPU6050_Set_LPF   mpu6050.o
    0x080023a6   0x00000030   Code   RO         4601    i.MPU6050_Set_Rate  mpu6050.o
    0x080023d6   0x00000084   Code   RO         4603    i.MPU6050_initialize  mpu6050.o
    0x0800245a   0x00000012   Code   RO         4606    i.MPU6050_setFullScaleAccelRange  mpu6050.o
    0x0800246c   0x00000012   Code   RO         4607    i.MPU6050_setFullScaleGyroRange  mpu6050.o
    0x0800247e   0x00000002   PAD
    0x08002480   0x00000040   Code   RO         4611    i.MPU6050_task      mpu6050.o
    0x080024c0   0x00000088   Code   RO         4613    i.MPU_Get_Accelscope  mpu6050.o
    0x08002548   0x000000a4   Code   RO         4614    i.MPU_Get_Gyroscope  mpu6050.o
    0x080025ec   0x00000002   Code   RO          273    i.MemManage_Handler  stm32f4xx_it.o
    0x080025ee   0x00000002   Code   RO          274    i.NMI_Handler       stm32f4xx_it.o
    0x080025f0   0x00000064   Code   RO         1425    i.NVIC_Init         misc.o
    0x08002654   0x00000014   Code   RO         1426    i.NVIC_PriorityGroupConfig  misc.o
    0x08002668   0x0000002c   Code   RO          810    i.OLED_Clear        oled.o
    0x08002694   0x0000003c   Code   RO          813    i.OLED_DrawPoint    oled.o
    0x080026d0   0x00000130   Code   RO          814    i.OLED_Init         oled.o
    0x08002800   0x00000048   Code   RO          815    i.OLED_Refresh_Gram  oled.o
    0x08002848   0x00000084   Code   RO          818    i.OLED_ShowChar     oled.o
    0x080028cc   0x00000078   Code   RO          819    i.OLED_ShowNumber   oled.o
    0x08002944   0x0000003e   Code   RO          820    i.OLED_ShowString   oled.o
    0x08002982   0x00000002   PAD
    0x08002984   0x00000044   Code   RO          821    i.OLED_WR_Byte      oled.o
    0x080029c8   0x00000254   Code   RO         4548    i.PID_Calculate     pid.o
    0x08002c1c   0x00000018   Code   RO         4549    i.PID_Init          pid.o
    0x08002c34   0x00000018   Code   RO          908    i.PS2_ClearData     pstwo.o
    0x08002c4c   0x00000084   Code   RO          909    i.PS2_Cmd           pstwo.o
    0x08002cd0   0x00000040   Code   RO          910    i.PS2_DataKey       pstwo.o
    0x08002d10   0x0000005c   Code   RO          911    i.PS2_EnterConfing  pstwo.o
    0x08002d6c   0x0000005c   Code   RO          912    i.PS2_ExitConfing   pstwo.o
    0x08002dc8   0x00000054   Code   RO          913    i.PS2_Init          pstwo.o
    0x08002e1c   0x000000e4   Code   RO          914    i.PS2_Read          pstwo.o
    0x08002f00   0x000000a8   Code   RO          915    i.PS2_ReadData      pstwo.o
    0x08002fa8   0x0000001e   Code   RO          918    i.PS2_SetInit       pstwo.o
    0x08002fc6   0x00000002   PAD
    0x08002fc8   0x00000044   Code   RO          919    i.PS2_ShortPoll     pstwo.o
    0x0800300c   0x00000058   Code   RO          920    i.PS2_TurnOnAnalogMode  pstwo.o
    0x08003064   0x0000019c   Code   RO         4346    i.PS2_control       balance.o
    0x08003200   0x0000000c   Code   RO         3097    i.PWR_BackupAccessCmd  stm32f4xx_pwr.o
    0x0800320c   0x00000018   Code   RO         1567    i.RCC_AHB1PeriphClockCmd  stm32f4xx_rcc.o
    0x08003224   0x00000018   Code   RO         1576    i.RCC_APB1PeriphClockCmd  stm32f4xx_rcc.o
    0x0800323c   0x00000018   Code   RO         1579    i.RCC_APB2PeriphClockCmd  stm32f4xx_rcc.o
    0x08003254   0x00000018   Code   RO         1581    i.RCC_APB2PeriphResetCmd  stm32f4xx_rcc.o
    0x0800326c   0x00000090   Code   RO         1588    i.RCC_GetClocksFreq  stm32f4xx_rcc.o
    0x080032fc   0x0000001c   Code   RO         1597    i.RCC_LSEConfig     stm32f4xx_rcc.o
    0x08003318   0x00000040   Code   RO          601    i.Read_Encoder      encoder.o
    0x08003358   0x000001c8   Code   RO         4347    i.Remote_Control    balance.o
    0x08003520   0x00000098   Code   RO         4483    i.Robot_Init        robot_select_init.o
    0x080035b8   0x00000160   Code   RO         4484    i.Robot_Select      robot_select_init.o
    0x08003718   0x000000b4   Code   RO          427    i.SetSysClock       system_stm32f4xx.o
    0x080037cc   0x00000074   Code   RO         4348    i.Set_Pwm           balance.o
    0x08003840   0x00000140   Code   RO         4349    i.Smooth_control    balance.o
    0x08003980   0x00000018   Code   RO         1429    i.SysTick_CLKSourceConfig  misc.o
    0x08003998   0x00000014   Code   RO         1234    i.SysTick_Handler   delay.o
    0x080039ac   0x0000005c   Code   RO          429    i.SystemInit        system_stm32f4xx.o
    0x08003a08   0x0000002e   Code   RO         2550    i.TI1_Config        stm32f4xx_tim.o
    0x08003a36   0x00000036   Code   RO         2551    i.TI2_Config        stm32f4xx_tim.o
    0x08003a6c   0x000000a0   Code   RO          767    i.TIM10_PWM_Init    motor.o
    0x08003b0c   0x000000a8   Code   RO          768    i.TIM11_PWM_Init    motor.o
    0x08003bb4   0x000000d0   Code   RO         1029    i.TIM12_SERVO_Init  timer.o
    0x08003c84   0x000000f8   Code   RO          769    i.TIM1_PWM_Init     motor.o
    0x08003d7c   0x00000010   Code   RO          602    i.TIM2_IRQHandler   encoder.o
    0x08003d8c   0x00000014   Code   RO          603    i.TIM3_IRQHandler   encoder.o
    0x08003da0   0x00000014   Code   RO          604    i.TIM4_IRQHandler   encoder.o
    0x08003db4   0x00000014   Code   RO          605    i.TIM5_IRQHandler   encoder.o
    0x08003dc8   0x00000014   Code   RO          606    i.TIM8_BRK_TIM12_IRQHandler  encoder.o
    0x08003ddc   0x00000264   Code   RO         1030    i.TIM8_CC_IRQHandler  timer.o
    0x08004040   0x0000013c   Code   RO         1031    i.TIM8_Cap_Init     timer.o
    0x0800417c   0x00000010   Code   RO         1033    i.TIM8_UP_TIM13_IRQHandler  timer.o
    0x0800418c   0x000000b8   Code   RO          770    i.TIM9_PWM_Init     motor.o
    0x08004244   0x00000014   Code   RO         2552    i.TIM_ARRPreloadConfig  stm32f4xx_tim.o
    0x08004258   0x00000006   Code   RO         2558    i.TIM_ClearFlag     stm32f4xx_tim.o
    0x0800425e   0x00000006   Code   RO         2559    i.TIM_ClearITPendingBit  stm32f4xx_tim.o
    0x08004264   0x00000014   Code   RO         2564    i.TIM_Cmd           stm32f4xx_tim.o
    0x08004278   0x00000016   Code   RO         2566    i.TIM_CtrlPWMOutputs  stm32f4xx_tim.o
    0x0800428e   0x00000032   Code   RO         2573    i.TIM_EncoderInterfaceConfig  stm32f4xx_tim.o
    0x080042c0   0x00000004   Code   RO         2579    i.TIM_GetCapture1   stm32f4xx_tim.o
    0x080042c4   0x00000004   Code   RO         2580    i.TIM_GetCapture2   stm32f4xx_tim.o
    0x080042c8   0x00000004   Code   RO         2581    i.TIM_GetCapture3   stm32f4xx_tim.o
    0x080042cc   0x00000004   Code   RO         2582    i.TIM_GetCapture4   stm32f4xx_tim.o
    0x080042d0   0x00000018   Code   RO         2585    i.TIM_GetITStatus   stm32f4xx_tim.o
    0x080042e8   0x000000ac   Code   RO         2587    i.TIM_ICInit        stm32f4xx_tim.o
    0x08004394   0x00000010   Code   RO         2588    i.TIM_ICStructInit  stm32f4xx_tim.o
    0x080043a4   0x00000010   Code   RO         2589    i.TIM_ITConfig      stm32f4xx_tim.o
    0x080043b4   0x00000060   Code   RO         2593    i.TIM_OC1Init       stm32f4xx_tim.o
    0x08004414   0x0000000c   Code   RO         2595    i.TIM_OC1PolarityConfig  stm32f4xx_tim.o
    0x08004420   0x0000000c   Code   RO         2596    i.TIM_OC1PreloadConfig  stm32f4xx_tim.o
    0x0800442c   0x00000080   Code   RO         2598    i.TIM_OC2Init       stm32f4xx_tim.o
    0x080044ac   0x00000014   Code   RO         2600    i.TIM_OC2PolarityConfig  stm32f4xx_tim.o
    0x080044c0   0x00000014   Code   RO         2601    i.TIM_OC2PreloadConfig  stm32f4xx_tim.o
    0x080044d4   0x0000007c   Code   RO         2603    i.TIM_OC3Init       stm32f4xx_tim.o
    0x08004550   0x00000014   Code   RO         2605    i.TIM_OC3PolarityConfig  stm32f4xx_tim.o
    0x08004564   0x0000000c   Code   RO         2606    i.TIM_OC3PreloadConfig  stm32f4xx_tim.o
    0x08004570   0x00000060   Code   RO         2608    i.TIM_OC4Init       stm32f4xx_tim.o
    0x080045d0   0x00000014   Code   RO         2609    i.TIM_OC4PolarityConfig  stm32f4xx_tim.o
    0x080045e4   0x00000014   Code   RO         2610    i.TIM_OC4PreloadConfig  stm32f4xx_tim.o
    0x080045f8   0x00000004   Code   RO         2630    i.TIM_SetCounter    stm32f4xx_tim.o
    0x080045fc   0x00000010   Code   RO         2631    i.TIM_SetIC1Prescaler  stm32f4xx_tim.o
    0x0800460c   0x00000018   Code   RO         2632    i.TIM_SetIC2Prescaler  stm32f4xx_tim.o
    0x08004624   0x00000010   Code   RO         2633    i.TIM_SetIC3Prescaler  stm32f4xx_tim.o
    0x08004634   0x00000018   Code   RO         2634    i.TIM_SetIC4Prescaler  stm32f4xx_tim.o
    0x0800464c   0x0000007c   Code   RO         2636    i.TIM_TimeBaseInit  stm32f4xx_tim.o
    0x080046c8   0x00000012   Code   RO         2637    i.TIM_TimeBaseStructInit  stm32f4xx_tim.o
    0x080046da   0x00000002   PAD
    0x080046dc   0x00000050   Code   RO         4350    i.Turn_Off          balance.o
    0x0800472c   0x000000f0   Code   RO         1081    i.UART5_IRQHandler  usartx.o
    0x0800481c   0x00000104   Code   RO         1082    i.USART1_IRQHandler  usartx.o
    0x08004920   0x0000001c   Code   RO         1083    i.USART1_SEND       usartx.o
    0x0800493c   0x00000234   Code   RO         1084    i.USART2_IRQHandler  usartx.o
    0x08004b70   0x000000f8   Code   RO         1085    i.USART3_IRQHandler  usartx.o
    0x08004c68   0x0000001c   Code   RO         1086    i.USART3_SEND       usartx.o
    0x08004c84   0x0000001c   Code   RO         1087    i.USART5_SEND       usartx.o
    0x08004ca0   0x00000014   Code   RO         1961    i.USART_Cmd         stm32f4xx_usart.o
    0x08004cb4   0x0000003e   Code   RO         1965    i.USART_GetITStatus  stm32f4xx_usart.o
    0x08004cf2   0x00000030   Code   RO         1967    i.USART_ITConfig    stm32f4xx_usart.o
    0x08004d22   0x00000002   PAD
    0x08004d24   0x000000ac   Code   RO         1968    i.USART_Init        stm32f4xx_usart.o
    0x08004dd0   0x00000008   Code   RO         1975    i.USART_ReceiveData  stm32f4xx_usart.o
    0x08004dd8   0x00000002   Code   RO          275    i.UsageFault_Handler  stm32f4xx_it.o
    0x08004dda   0x00000002   PAD
    0x08004ddc   0x000000ac   Code   RO         1088    i.Vz_to_Akm_Angle   usartx.o
    0x08004e88   0x00000054   Code   RO         1089    i.XYZ_Target_Speed_transition  usartx.o
    0x08004edc   0x00000030   Code   RO         5019    i.__ARM_fpclassify  m_wm.l(fpclassify.o)
    0x08004f0c   0x00000004   PAD
    0x08004f10   0x000002d8   Code   RO         4908    i.__hardfp_atan     m_wm.l(atan.o)
    0x080051e8   0x00000c50   Code   RO         4922    i.__hardfp_pow      m_wm.l(pow.o)
    0x08005e38   0x0000007a   Code   RO         4936    i.__hardfp_sqrt     m_wm.l(sqrt.o)
    0x08005eb2   0x00000006   PAD
    0x08005eb8   0x00000080   Code   RO         4948    i.__hardfp_tan      m_wm.l(tan.o)
    0x08005f38   0x00000438   Code   RO         5024    i.__ieee754_rem_pio2  m_wm.l(rred.o)
    0x08006370   0x000000f8   Code   RO         5021    i.__kernel_poly     m_wm.l(poly.o)
    0x08006468   0x00000350   Code   RO         5029    i.__kernel_tan      m_wm.l(tan_i.o)
    0x080067b8   0x00000030   Code   RO         4999    i.__mathlib_dbl_divzero  m_wm.l(dunder.o)
    0x080067e8   0x00000014   Code   RO         5000    i.__mathlib_dbl_infnan  m_wm.l(dunder.o)
    0x080067fc   0x00000014   Code   RO         5001    i.__mathlib_dbl_infnan2  m_wm.l(dunder.o)
    0x08006810   0x00000020   Code   RO         5002    i.__mathlib_dbl_invalid  m_wm.l(dunder.o)
    0x08006830   0x00000020   Code   RO         5003    i.__mathlib_dbl_overflow  m_wm.l(dunder.o)
    0x08006850   0x00000020   Code   RO         5005    i.__mathlib_dbl_underflow  m_wm.l(dunder.o)
    0x08006870   0x00000002   Code   RO         1371    i._sys_exit         usart.o
    0x08006872   0x00000002   PAD
    0x08006874   0x0000008c   Code   RO          676    i.click_N_Double_MPU6050  key.o
    0x08006900   0x00000026   Code   RO         1090    i.data_task         usartx.o
    0x08006926   0x00000002   PAD
    0x08006928   0x0000029c   Code   RO         1091    i.data_transition   usartx.o
    0x08006bc4   0x00000038   Code   RO         1235    i.delay_init        delay.o
    0x08006bfc   0x00000038   Code   RO         1236    i.delay_ms          delay.o
    0x08006c34   0x00000034   Code   RO         1237    i.delay_us          delay.o
    0x08006c68   0x000000b2   Code   RO         4550    i.f_Changing_Integral_Rate  pid.o
    0x08006d1a   0x0000009a   Code   RO         4551    i.f_Integral_Limit  pid.o
    0x08006db4   0x000000ac   Code   RO         4552    i.f_PID_ErrorHandle  pid.o
    0x08006e60   0x00000058   Code   RO         4553    i.f_PID_param_init  pid.o
    0x08006eb8   0x00000026   Code   RO         4554    i.f_PID_reset       pid.o
    0x08006ede   0x00000018   Code   RO         5015    i.fabs              m_wm.l(fabs.o)
    0x08006ef6   0x00000010   Code   RO         4351    i.float_abs         balance.o
    0x08006f06   0x00000002   PAD
    0x08006f08   0x00000018   Code   RO         1372    i.fputc             usart.o
    0x08006f20   0x0000001c   Code   RO         1239    i.getSysTickCnt     delay.o
    0x08006f3c   0x00000020   Code   RO          725    i.led_task          led.o
    0x08006f5c   0x00000038   Code   RO            3    i.main              main.o
    0x08006f94   0x00000028   Code   RO         4352    i.motor_pid_init    balance.o
    0x08006fbc   0x00000010   Code   RO          822    i.oled_pow          oled.o
    0x08006fcc   0x00000884   Code   RO         4513    i.oled_show         show.o
    0x08007850   0x00000070   Code   RO         3645    i.prvAddCurrentTaskToDelayedList  tasks.o
    0x080078c0   0x000000d0   Code   RO         3646    i.prvAddNewTaskToReadyList  tasks.o
    0x08007990   0x00000050   Code   RO         3998    i.prvCheckForValidListAndQueue  timers.o
    0x080079e0   0x00000054   Code   RO         3647    i.prvCheckTasksWaitingTermination  tasks.o
    0x08007a34   0x00000026   Code   RO         3419    i.prvCopyDataFromQueue  queue.o
    0x08007a5a   0x0000006c   Code   RO         3420    i.prvCopyDataToQueue  queue.o
    0x08007ac6   0x00000014   Code   RO         3648    i.prvDeleteTCB      tasks.o
    0x08007ada   0x00000002   PAD
    0x08007adc   0x0000004c   Code   RO         4211    i.prvHeapInit       heap_4.o
    0x08007b28   0x00000028   Code   RO         3649    i.prvIdleTask       tasks.o
    0x08007b50   0x000000c0   Code   RO         3650    i.prvInitialiseNewTask  tasks.o
    0x08007c10   0x0000004c   Code   RO         4212    i.prvInsertBlockIntoFreeList  heap_4.o
    0x08007c5c   0x00000038   Code   RO         3999    i.prvInsertTimerInActiveList  timers.o
    0x08007c94   0x0000001a   Code   RO         3421    i.prvIsQueueEmpty   queue.o
    0x08007cae   0x00000002   PAD
    0x08007cb0   0x00000090   Code   RO         3422    i.prvNotifyQueueSetContainer  queue.o
    0x08007d40   0x00000060   Code   RO         4000    i.prvProcessExpiredTimer  timers.o
    0x08007da0   0x000000f0   Code   RO         4001    i.prvProcessReceivedCommands  timers.o
    0x08007e90   0x0000006c   Code   RO         4002    i.prvProcessTimerOrBlockTask  timers.o
    0x08007efc   0x00000020   Code   RO         3652    i.prvResetNextTaskUnblockTime  tasks.o
    0x08007f1c   0x00000028   Code   RO         4003    i.prvSampleTimeNow  timers.o
    0x08007f44   0x0000006c   Code   RO         4004    i.prvSwitchTimerLists  timers.o
    0x08007fb0   0x00000064   Code   RO         4127    i.prvTaskExitError  port.o
    0x08008014   0x00000028   Code   RO         4005    i.prvTimerTask      timers.o
    0x0800803c   0x00000078   Code   RO         3423    i.prvUnlockQueue    queue.o
    0x080080b4   0x00000016   Code   RO          923    i.pstwo_task        pstwo.o
    0x080080ca   0x00000002   PAD
    0x080080cc   0x00000114   Code   RO         4213    i.pvPortMalloc      heap_4.o
    0x080081e0   0x00000018   Code   RO         3654    i.pvTaskIncrementMutexHeldCount  tasks.o
    0x080081f8   0x0000002c   Code   RO         4128    i.pxPortInitialiseStack  port.o
    0x08008224   0x00000128   Code   RO         4514    i.show_task         show.o
    0x0800834c   0x0000006e   Code   RO         4938    i.sqrt              m_wm.l(sqrt.o)
    0x080083ba   0x00000002   PAD
    0x080083bc   0x000000f0   Code   RO            4    i.start_task        main.o
    0x080084ac   0x000000be   Code   RO         4268    i.systemInit        system.o
    0x0800856a   0x00000020   Code   RO         4355    i.target_limit_float  balance.o
    0x0800858a   0x00000010   Code   RO         4356    i.target_limit_int  balance.o
    0x0800859a   0x00000002   PAD
    0x0800859c   0x000000ac   Code   RO         1092    i.uart1_init        usartx.o
    0x08008648   0x000000a8   Code   RO         1093    i.uart2_init        usartx.o
    0x080086f0   0x000000b0   Code   RO         1094    i.uart3_init        usartx.o
    0x080087a0   0x000000dc   Code   RO         1095    i.uart5_init        usartx.o
    0x0800887c   0x00000010   Code   RO         1096    i.usart1_send       usartx.o
    0x0800888c   0x00000014   Code   RO         1098    i.usart3_send       usartx.o
    0x080088a0   0x00000010   Code   RO         1099    i.usart5_send       usartx.o
    0x080088b0   0x00000024   Code   RO         3374    i.uxListRemove      list.o
    0x080088d4   0x00000016   Code   RO         3375    i.vListInitialise   list.o
    0x080088ea   0x00000006   Code   RO         3376    i.vListInitialiseItem  list.o
    0x080088f0   0x00000030   Code   RO         3377    i.vListInsert       list.o
    0x08008920   0x00000018   Code   RO         3378    i.vListInsertEnd    list.o
    0x08008938   0x00000078   Code   RO         4130    i.vPortEnterCritical  port.o
    0x080089b0   0x00000064   Code   RO         4131    i.vPortExitCritical  port.o
    0x08008a14   0x0000009c   Code   RO         4214    i.vPortFree         heap_4.o
    0x08008ab0   0x00000020   Code   RO         4132    i.vPortSetupTimerInterrupt  port.o
    0x08008ad0   0x0000008c   Code   RO         4133    i.vPortValidateInterruptPriority  port.o
    0x08008b5c   0x00000024   Code   RO         3429    i.vQueueAddToRegistry  queue.o
    0x08008b80   0x00000044   Code   RO         3433    i.vQueueWaitForMessageRestricted  queue.o
    0x08008bc4   0x0000006c   Code   RO         3662    i.vTaskDelay        tasks.o
    0x08008c30   0x000000ac   Code   RO         3663    i.vTaskDelayUntil   tasks.o
    0x08008cdc   0x000000cc   Code   RO         3664    i.vTaskDelete       tasks.o
    0x08008da8   0x0000000c   Code   RO         3668    i.vTaskMissedYield  tasks.o
    0x08008db4   0x00000054   Code   RO         3670    i.vTaskPlaceOnEventList  tasks.o
    0x08008e08   0x0000005c   Code   RO         3671    i.vTaskPlaceOnEventListRestricted  tasks.o
    0x08008e64   0x00000084   Code   RO         3673    i.vTaskPriorityInherit  tasks.o
    0x08008ee8   0x00000048   Code   RO         3677    i.vTaskSetTimeOutState  tasks.o
    0x08008f30   0x00000094   Code   RO         3678    i.vTaskStartScheduler  tasks.o
    0x08008fc4   0x00000010   Code   RO         3680    i.vTaskSuspendAll   tasks.o
    0x08008fd4   0x0000007c   Code   RO         3681    i.vTaskSwitchContext  tasks.o
    0x08009050   0x00000114   Code   RO         4134    i.xPortStartScheduler  port.o
    0x08009164   0x0000002c   Code   RO         4135    i.xPortSysTickHandler  port.o
    0x08009190   0x00000078   Code   RO         3438    i.xQueueGenericCreate  queue.o
    0x08009208   0x00000184   Code   RO         3439    i.xQueueGenericReceive  queue.o
    0x0800938c   0x000000a8   Code   RO         3440    i.xQueueGenericReset  queue.o
    0x08009434   0x00000188   Code   RO         3441    i.xQueueGenericSend  queue.o
    0x080095bc   0x000000e0   Code   RO         3442    i.xQueueGenericSendFromISR  queue.o
    0x0800969c   0x00000088   Code   RO         3682    i.xTaskCheckForTimeOut  tasks.o
    0x08009724   0x00000056   Code   RO         3683    i.xTaskCreate       tasks.o
    0x0800977a   0x00000002   PAD
    0x0800977c   0x0000001c   Code   RO         3687    i.xTaskGetSchedulerState  tasks.o
    0x08009798   0x0000000c   Code   RO         3688    i.xTaskGetTickCount  tasks.o
    0x080097a4   0x000000e8   Code   RO         3690    i.xTaskIncrementTick  tasks.o
    0x0800988c   0x000000b4   Code   RO         3693    i.xTaskPriorityDisinherit  tasks.o
    0x08009940   0x00000098   Code   RO         3694    i.xTaskRemoveFromEventList  tasks.o
    0x080099d8   0x000000e4   Code   RO         3696    i.xTaskResumeAll    tasks.o
    0x08009abc   0x00000074   Code   RO         4008    i.xTimerCreate      timers.o
    0x08009b30   0x00000074   Code   RO         4009    i.xTimerCreateTimerTask  timers.o
    0x08009ba4   0x00000090   Code   RO         4010    i.xTimerGenericCommand  timers.o
    0x08009c34   0x00000018   Code   RO         4980    x$fpl$basic         fz_wm.l(basic.o)
    0x08009c4c   0x00000062   Code   RO         4882    x$fpl$d2f           fz_wm.l(d2f.o)
    0x08009cae   0x00000002   PAD
    0x08009cb0   0x00000150   Code   RO         4884    x$fpl$dadd          fz_wm.l(daddsub_clz.o)
    0x08009e00   0x00000010   Code   RO         5061    x$fpl$dcheck1       fz_wm.l(dcheck1.o)
    0x08009e10   0x00000018   Code   RO         5063    x$fpl$dcmpinf       fz_wm.l(dcmpi.o)
    0x08009e28   0x000002b0   Code   RO         4891    x$fpl$ddiv          fz_wm.l(ddiv.o)
    0x0800a0d8   0x0000005e   Code   RO         4894    x$fpl$dfix          fz_wm.l(dfix.o)
    0x0800a136   0x0000002e   Code   RO         4899    x$fpl$dflt          fz_wm.l(dflt_clz.o)
    0x0800a164   0x00000026   Code   RO         4898    x$fpl$dfltu         fz_wm.l(dflt_clz.o)
    0x0800a18a   0x00000002   PAD
    0x0800a18c   0x00000078   Code   RO         4982    x$fpl$dleqf         fz_wm.l(dleqf.o)
    0x0800a204   0x00000154   Code   RO         4904    x$fpl$dmul          fz_wm.l(dmul.o)
    0x0800a358   0x0000009c   Code   RO         4984    x$fpl$dnaninf       fz_wm.l(dnaninf.o)
    0x0800a3f4   0x0000000c   Code   RO         4986    x$fpl$dretinf       fz_wm.l(dretinf.o)
    0x0800a400   0x0000006c   Code   RO         4988    x$fpl$drleqf        fz_wm.l(drleqf.o)
    0x0800a46c   0x00000016   Code   RO         4885    x$fpl$drsb          fz_wm.l(daddsub_clz.o)
    0x0800a482   0x00000002   PAD
    0x0800a484   0x00000198   Code   RO         4990    x$fpl$dsqrt         fz_wm.l(dsqrt_umaal.o)
    0x0800a61c   0x000001d4   Code   RO         4886    x$fpl$dsub          fz_wm.l(daddsub_clz.o)
    0x0800a7f0   0x00000056   Code   RO         4906    x$fpl$f2d           fz_wm.l(f2d.o)
    0x0800a846   0x0000008c   Code   RO         4992    x$fpl$fnaninf       fz_wm.l(fnaninf.o)
    0x0800a8d2   0x0000000a   Code   RO         5138    x$fpl$fpinit        fz_wm.l(fpinit.o)
    0x0800a8dc   0x0000000a   Code   RO         4994    x$fpl$fretinf       fz_wm.l(fretinf.o)
    0x0800a8e6   0x00000064   Code   RO         5078    x$fpl$retnan        fz_wm.l(retnan.o)
    0x0800a94a   0x0000005c   Code   RO         4996    x$fpl$scalbn        fz_wm.l(scalbn.o)
    0x0800a9a6   0x00000030   Code   RO         5127    x$fpl$trapveneer    fz_wm.l(trapv.o)
    0x0800a9d6   0x00000000   Code   RO         4998    x$fpl$usenofp       fz_wm.l(usenofp.o)
    0x0800a9d6   0x000014a4   Data   RO          824    .constdata          oled.o
    0x0800be7a   0x00000006   PAD
    0x0800be80   0x00000098   Data   RO         4911    .constdata          m_wm.l(atan.o)
    0x0800bf18   0x00000088   Data   RO         4925    .constdata          m_wm.l(pow.o)
    0x0800bfa0   0x00000008   Data   RO         5023    .constdata          m_wm.l(qnan.o)
    0x0800bfa8   0x000000c8   Data   RO         5026    .constdata          m_wm.l(rred.o)
    0x0800c070   0x00000060   Data   RO         5030    .constdata          m_wm.l(tan_i.o)
    0x0800c0d0   0x00000020   Data   RO         5202    Region$$Table       anon$$obj.o


    Execution Region RW_IRAM1 (Base: 0x20000000, Size: 0x00006248, Max: 0x00020000, ABSOLUTE, COMPRESSED[0x00000070])

    Base Addr    Size         Type   Attr      Idx    E Section Name        Object

    0x20000000   0x00000004   Data   RW            5    .data               main.o
    0x20000004   0x00000014   Data   RW          430    .data               system_stm32f4xx.o
    0x20000018   0x00000004   Data   RW          471    .data               adc.o
    0x2000001c   0x00000004   Data   RW          473    .data               adc.o
    0x20000020   0x00000014   Data   RW          677    .data               key.o
    0x20000034   0x00000008   Data   RW          726    .data               led.o
    0x2000003c   0x00000028   Data   RW          925    .data               pstwo.o
    0x20000064   0x00000044   Data   RW         1034    .data               timer.o
    0x200000a8   0x0000000c   Data   RW         1101    .data               usartx.o
    0x200000b4   0x00000008   Data   RW         1240    .data               delay.o
    0x200000bc   0x00000004   Data   RW         1376    .data               usart.o
    0x200000c0   0x00000010   Data   RW         1620    .data               stm32f4xx_rcc.o
    0x200000d0   0x0000003c   Data   RW         3699    .data               tasks.o
    0x2000010c   0x00000014   Data   RW         4018    .data               timers.o
    0x20000120   0x0000000c   Data   RW         4136    .data               port.o
    0x2000012c   0x00000018   Data   RW         4219    .data               heap_4.o
    0x20000144   0x00000001   Data   RW         4274    .data               system.o
    0x20000145   0x00000001   Data   RW         4275    .data               system.o
    0x20000146   0x00000002   PAD
    0x20000148   0x00000004   Data   RW         4276    .data               system.o
    0x2000014c   0x00000004   Data   RW         4277    .data               system.o
    0x20000150   0x00000004   Data   RW         4278    .data               system.o
    0x20000154   0x00000001   Data   RW         4279    .data               system.o
    0x20000155   0x00000001   Data   RW         4280    .data               system.o
    0x20000156   0x00000001   Data   RW         4281    .data               system.o
    0x20000157   0x00000001   Data   RW         4282    .data               system.o
    0x20000158   0x00000001   Data   RW         4283    .data               system.o
    0x20000159   0x00000003   PAD
    0x2000015c   0x00000004   Data   RW         4284    .data               system.o
    0x20000160   0x00000004   Data   RW         4288    .data               system.o
    0x20000164   0x00000004   Data   RW         4289    .data               system.o
    0x20000168   0x00000004   Data   RW         4291    .data               system.o
    0x2000016c   0x00000004   Data   RW         4292    .data               system.o
    0x20000170   0x00000004   Data   RW         4293    .data               system.o
    0x20000174   0x00000004   Data   RW         4294    .data               system.o
    0x20000178   0x00000004   Data   RW         4295    .data               system.o
    0x2000017c   0x00000004   Data   RW         4296    .data               system.o
    0x20000180   0x00000004   Data   RW         4297    .data               system.o
    0x20000184   0x00000004   Data   RW         4298    .data               system.o
    0x20000188   0x00000004   Data   RW         4299    .data               system.o
    0x2000018c   0x00000004   Data   RW         4300    .data               system.o
    0x20000190   0x00000001   Data   RW         4301    .data               system.o
    0x20000191   0x00000001   Data   RW         4302    .data               system.o
    0x20000192   0x00000001   Data   RW         4303    .data               system.o
    0x20000193   0x00000001   Data   RW         4304    .data               system.o
    0x20000194   0x00000001   Data   RW         4305    .data               system.o
    0x20000195   0x00000001   Data   RW         4306    .data               system.o
    0x20000196   0x00000002   PAD
    0x20000198   0x00000004   Data   RW         4307    .data               system.o
    0x2000019c   0x00000004   Data   RW         4308    .data               system.o
    0x200001a0   0x00000004   Data   RW         4309    .data               system.o
    0x200001a4   0x00000004   Data   RW         4310    .data               system.o
    0x200001a8   0x00000004   Data   RW         4311    .data               system.o
    0x200001ac   0x0000008c   Data   RW         4358    .data               balance.o
    0x20000238   0x00000001   Data   RW         4359    .data               balance.o
    0x20000239   0x00000003   PAD
    0x2000023c   0x00000018   Data   RW         4515    .data               show.o
    0x20000254   0x00000028   Data   RW         4625    .data               mpu6050.o
    0x2000027c   0x00000400   Zero   RW          823    .bss                oled.o
    0x2000067c   0x00000009   Zero   RW          924    .bss                pstwo.o
    0x20000685   0x00000003   PAD
    0x20000688   0x00000090   Zero   RW         1100    .bss                usartx.o
    0x20000718   0x00000040   Zero   RW         3453    .bss                queue.o
    0x20000758   0x000002e4   Zero   RW         3698    .bss                tasks.o
    0x20000a3c   0x00000028   Zero   RW         4017    .bss                timers.o
    0x20000a64   0x00005000   Zero   RW         4218    .bss                heap_4.o
    0x20005a64   0x0000000c   Zero   RW         4269    .bss                system.o
    0x20005a70   0x00000014   Zero   RW         4270    .bss                system.o
    0x20005a84   0x00000014   Zero   RW         4271    .bss                system.o
    0x20005a98   0x00000014   Zero   RW         4272    .bss                system.o
    0x20005aac   0x00000014   Zero   RW         4273    .bss                system.o
    0x20005ac0   0x00000010   Zero   RW         4357    .bss                balance.o
    0x20005ad0   0x00000018   Zero   RW         4485    .bss                robot_select_init.o
    0x20005ae8   0x0000007f   Zero   RW         4555    .bss                pid.o
    0x20005b67   0x0000007f   Zero   RW         4556    .bss                pid.o
    0x20005be6   0x00000002   PAD
    0x20005be8   0x00000060   Zero   RW         5066    .bss                c_w.l(libspace.o)
    0x20005c48   0x00000200   Zero   RW         1417    HEAP                startup_stm32f40_41xxx.o
    0x20005e48   0x00000400   Zero   RW         1416    STACK               startup_stm32f40_41xxx.o


==============================================================================

Image component sizes


      Code (inc. data)   RO Data    RW Data    ZI Data      Debug   Object Name

       502         60          0          8          0       3885   adc.o
      4110        554          0        141         16      14724   balance.o
      1130         84          0          0          0       5315   can.o
       212         18          0          8          0     264073   delay.o
       944         70          0          0          0       5851   encoder.o
         0          0          0          0          0      11668   event_groups.o
       584        138          0         24      20480       3967   heap_4.o
       818         74          0          0          0       6813   i2c.o
       184         12          0         20          0       2970   key.o
       148         20          0          8          0       2148   led.o
       136          0          0          0          0       3034   list.o
       296        130          0          4          0     291160   main.o
       144         14          0          0          0       2009   misc.o
       808         44          0          0          0       3639   motor.o
       630         22          0         40          0       6348   mpu6050.o
       878         42       5284          0       1024       7231   oled.o
      1250         24          0          0        254       6641   pid.o
      1038        382          0         12          0      10521   port.o
      1092        118          0         40          9       7556   pstwo.o
      1832        236          0          0         64      15457   queue.o
       504        142          0          0         24       1869   robot_select_init.o
      2788        426          0         24          0       3792   show.o
        64         26        392          0       1536        820   startup_stm32f40_41xxx.o
       286         20          0          0          0       5406   stm32f4xx_adc.o
        16          0          0          0          0       1519   stm32f4xx_can.o
       156          0          0          0          0       2210   stm32f4xx_gpio.o
        12          0          0          0          0      50341   stm32f4xx_it.o
        12          6          0          0          0        506   stm32f4xx_pwr.o
       268         42          0         16          0       5660   stm32f4xx_rcc.o
      1274         60          0          0          0      23136   stm32f4xx_tim.o
       310          8          0          0          0       4286   stm32f4xx_usart.o
       190          0          0         97         92       3786   system.o
       272         36          0         20          0       1657   system_stm32f4xx.o
      2930        714          0         60        740      29893   tasks.o
      1152         60          0         68          0       4561   timer.o
      1144        260          0         20         40       9662   timers.o
        26          6          0          4          0       2796   usart.o
      3290        460          0         12        144      14702   usartx.o

    ----------------------------------------------------------------------
     31480       4308       5714        636      24428     841612   Object Totals
         0          0         32          0          0          0   (incl. Generated)
        50          0          6         10          5          0   (incl. Padding)

    ----------------------------------------------------------------------

      Code (inc. data)   RO Data    RW Data    ZI Data      Debug   Library Member Name

        90          0          0          0          0          0   __dczerorl2.o
         8          0          0          0          0         68   __main.o
       104          0          0          0          0         84   __printf.o
         0          0          0          0          0          0   __rtentry.o
        12          0          0          0          0          0   __rtentry2.o
         6          0          0          0          0          0   __rtentry4.o
        52          8          0          0          0          0   __scatter.o
        28          0          0          0          0          0   __scatter_zi.o
        44          0          0          0          0        108   _printf_char.o
        48          6          0          0          0         96   _printf_char_common.o
        36          4          0          0          0         80   _printf_char_file.o
         6          0          0          0          0          0   _printf_d.o
       120         16          0          0          0         92   _printf_dec.o
       178          0          0          0          0         88   _printf_intcommon.o
         0          0          0          0          0          0   _printf_percent.o
         4          0          0          0          0          0   _printf_percent_end.o
         6          0          0          0          0          0   _printf_s.o
        82          0          0          0          0         80   _printf_str.o
        22          0          0          0          0        100   _rserrno.o
        16          0          0          0          0         68   aeabi_memset.o
        18          0          0          0          0         80   exit.o
         8          0          0          0          0         68   ferror.o
         6          0          0          0          0        152   heapauxi.o
         2          0          0          0          0          0   libinit.o
         6          0          0          0          0          0   libinit2.o
         2          0          0          0          0          0   libshutdown.o
         2          0          0          0          0          0   libshutdown2.o
         8          4          0          0         96         68   libspace.o
        24          4          0          0          0         84   noretval__2printf.o
         8          4          0          0          0         68   rt_errno_addr_intlibspace.o
        68          0          0          0          0         68   rt_memclr.o
        78          0          0          0          0         80   rt_memclr_w.o
       138          0          0          0          0         68   rt_memcpy_v6.o
       100          0          0          0          0         80   rt_memcpy_w.o
         2          0          0          0          0          0   rtexit.o
        10          0          0          0          0          0   rtexit2.o
        74          0          0          0          0         80   sys_stackheap_outer.o
         2          0          0          0          0         68   use_no_semi.o
         2          0          0          0          0         68   use_no_semi_2.o
        24          0          0          0          0        164   basic.o
        98          4          0          0          0        140   d2f.o
       826         16          0          0          0        492   daddsub_clz.o
        16          4          0          0          0        116   dcheck1.o
        24          0          0          0          0        116   dcmpi.o
       688        140          0          0          0        256   ddiv.o
        94          4          0          0          0        140   dfix.o
        84          0          0          0          0        232   dflt_clz.o
       120          4          0          0          0        140   dleqf.o
       340         12          0          0          0        152   dmul.o
       156          4          0          0          0        140   dnaninf.o
        12          0          0          0          0        116   dretinf.o
       108          0          0          0          0        128   drleqf.o
       408         56          0          0          0        168   dsqrt_umaal.o
        86          4          0          0          0        132   f2d.o
       140          4          0          0          0        132   fnaninf.o
        10          0          0          0          0        116   fpinit.o
        10          0          0          0          0        116   fretinf.o
       100          0          0          0          0        116   retnan.o
        92          0          0          0          0        116   scalbn.o
        48          0          0          0          0        116   trapv.o
         0          0          0          0          0          0   usenofp.o
       728        106        152          0          0        228   atan.o
       184         44          0          0          0        744   dunder.o
        24          0          0          0          0        124   fabs.o
        48          0          0          0          0        124   fpclassify.o
       248          0          0          0          0        152   poly.o
      3152        296        136          0          0        352   pow.o
         0          0          8          0          0          0   qnan.o
      1080        142        200          0          0        188   rred.o
       232          0          0          0          0        296   sqrt.o
       128         20          0          0          0        144   tan.o
       848         84         96          0          0        196   tan_i.o

    ----------------------------------------------------------------------
     11606        990        592          0         96       7788   Library Totals
        30          0          0          0          0          0   (incl. Padding)

    ----------------------------------------------------------------------

      Code (inc. data)   RO Data    RW Data    ZI Data      Debug   Library Name

      1420         46          0          0         96       1896   c_w.l
      3484        252          0          0          0       3344   fz_wm.l
      6672        692        592          0          0       2548   m_wm.l

    ----------------------------------------------------------------------
     11606        990        592          0         96       7788   Library Totals

    ----------------------------------------------------------------------

==============================================================================


      Code (inc. data)   RO Data    RW Data    ZI Data      Debug   

     43086       5298       6306        636      24524     818612   Grand Totals
     43086       5298       6306        112      24524     818612   ELF Image Totals (compressed)
     43086       5298       6306        112          0          0   ROM Totals

==============================================================================

    Total RO  Size (Code + RO Data)                49392 (  48.23kB)
    Total RW  Size (RW Data + ZI Data)             25160 (  24.57kB)
    Total ROM Size (Code + RO Data + RW Data)      49504 (  48.34kB)

==============================================================================

